Steam_scrapper/Database_of_items_price/Winter Offensive Weapon Case.csv
Date,Price,Quantity Sold
Jul 28 2015 01: +0,0.812,2899
Jul 29 2015 01: +0,0.804,2818
Jul 30 2015 01: +0,0.812,3055
Jul 31 2015 01: +0,0.826,3129
Aug 01 2015 01: +0,0.826,3567
Aug 02 2015 01: +0,0.821,2885
Aug 03 2015 01: +0,0.83,2993
Aug 04 2015 01: +0,0.814,2816
Aug 05 2015 01: +0,0.81,3121
Aug 06 2015 01: +0,0.804,2989
Aug 07 2015 01: +0,0.787,3113
Aug 08 2015 01: +0,0.81,3076
Aug 09 2015 01: +0,0.79,2667
Aug 10 2015 01: +0,0.78,2962
Aug 11 2015 01: +0,0.775,3398
Aug 12 2015 01: +0,0.781,2797
Aug 13 2015 01: +0,0.78,3034
Aug 14 2015 01: +0,0.801,3153
Aug 15 2015 01: +0,0.742,3655
Aug 16 2015 01: +0,0.747,2681
Aug 17 2015 01: +0,0.731,2695
Aug 18 2015 01: +0,0.741,2737
Aug 19 2015 01: +0,0.771,2830
Aug 20 2015 01: +0,0.756,3060
Aug 21 2015 01: +0,0.73,3279
Aug 22 2015 01: +0,0.721,3113
Aug 23 2015 01: +0,0.63,4378
Aug 24 2015 01: +0,0.653,3505
Aug 25 2015 01: +0,0.748,2931
Aug 26 2015 01: +0,0.775,3105
Aug 27 2015 01: +0,0.806,2890
Aug 28 2015 01: +0,0.831,3471
Aug 29 2015 01: +0,0.828,3476
Aug 30 2015 01: +0,0.853,3313
Aug 31 2015 01: +0,0.862,3291
Sep 01 2015 01: +0,0.854,2804
Sep 02 2015 01: +0,0.859,2852
Sep 03 2015 01: +0,0.838,2955
Sep 04 2015 01: +0,0.858,3387
Sep 05 2015 01: +0,0.86,3883
Sep 06 2015 01: +0,0.85,3054
Sep 07 2015 01: +0,0.842,2965
Sep 08 2015 01: +0,0.841,2581
Sep 09 2015 01: +0,0.847,2343
Sep 10 2015 01: +0,0.852,2406
Sep 11 2015 01: +0,0.854,3082
Sep 12 2015 01: +0,0.869,3015
Sep 13 2015 01: +0,0.862,2880
Sep 14 2015 01: +0,0.872,2748
Sep 15 2015 01: +0,0.879,2805
Sep 16 2015 01: +0,0.915,5283
Sep 17 2015 01: +0,0.981,4387
Sep 18 2015 01: +0,0.997,3269
Sep 19 2015 01: +0,0.951,3112
Sep 20 2015 01: +0,0.952,3501
Sep 21 2015 01: +0,0.911,2876
Sep 22 2015 01: +0,0.909,2593
Sep 23 2015 01: +0,0.891,2374
Sep 24 2015 01: +0,0.899,2594
Sep 25 2015 01: +0,0.937,3237
Sep 26 2015 01: +0,0.952,3142
Sep 27 2015 01: +0,0.923,2701
Sep 28 2015 01: +0,0.931,2245
Sep 29 2015 01: +0,0.928,2332
Sep 30 2015 01: +0,0.925,2633
Oct 01 2015 01: +0,0.93,2495
Oct 02 2015 01: +0,0.933,2867
Oct 03 2015 01: +0,0.921,2676
Oct 04 2015 01: +0,0.92,2375
Oct 05 2015 01: +0,0.904,2014
Oct 06 2015 01: +0,0.911,2149
Oct 07 2015 01: +0,0.904,2178
Oct 08 2015 01: +0,0.919,2147
Oct 09 2015 01: +0,0.964,2437
Oct 10 2015 01: +0,0.936,2306
Oct 11 2015 01: +0,0.863,2401
Oct 12 2015 01: +0,0.917,2207
Oct 13 2015 01: +0,0.916,1833
Oct 14 2015 01: +0,0.916,2066
Oct 15 2015 01: +0,0.918,2132
Oct 16 2015 01: +0,0.929,2285
Oct 17 2015 01: +0,0.913,2576
Oct 18 2015 01: +0,0.875,2709
Oct 19 2015 01: +0,0.882,2206
Oct 20 2015 01: +0,0.907,2511
Oct 21 2015 01: +0,0.872,2142
Oct 22 2015 01: +0,0.871,2247
Oct 23 2015 01: +0,0.909,2668
Oct 24 2015 01: +0,0.902,2581
Oct 25 2015 01: +0,0.902,2788
Oct 26 2015 01: +0,0.901,2181
Oct 27 2015 01: +0,0.898,2246
Oct 28 2015 01: +0,0.872,2317
Oct 29 2015 01: +0,0.872,2281
Oct 30 2015 01: +0,0.859,2701
Oct 31 2015 01: +0,0.902,3343
Nov 01 2015 01: +0,0.882,3512
Nov 02 2015 01: +0,0.889,3158
Nov 03 2015 01: +0,0.915,2693
Nov 04 2015 01: +0,0.93,2645
Nov 05 2015 01: +0,0.954,2704
Nov 06 2015 01: +0,0.958,2683
Nov 07 2015 01: +0,0.957,3282
Nov 08 2015 01: +0,0.949,2679
Nov 09 2015 01: +0,0.977,2114
Nov 10 2015 01: +0,0.993,2497
Nov 11 2015 01: +0,0.992,2113
Nov 12 2015 01: +0,1.006,2148
Nov 13 2015 01: +0,1.039,3288
Nov 14 2015 01: +0,1.094,3474
Nov 15 2015 01: +0,1.106,2245
Nov 16 2015 01: +0,1.077,1649
Nov 17 2015 01: +0,1.08,1772
Nov 18 2015 01: +0,1.047,1367
Nov 19 2015 01: +0,1.059,1449
Nov 20 2015 01: +0,1.072,1860
Nov 21 2015 01: +0,1.07,1872
Nov 22 2015 01: +0,0.939,1403
Nov 23 2015 01: +0,0.88,1784
Nov 24 2015 01: +0,1.061,2025
Nov 25 2015 01: +0,1.041,1993
Nov 26 2015 01: +0,1.004,2659
Nov 27 2015 01: +0,0.974,2563
Nov 28 2015 01: +0,0.959,2651
Nov 29 2015 01: +0,0.966,2351
Nov 30 2015 01: +0,0.961,2179
Dec 01 2015 01: +0,0.975,2575
Dec 02 2015 01: +0,1.03,2154
Dec 03 2015 01: +0,1.073,2155
Dec 04 2015 01: +0,1.108,2407
Dec 05 2015 01: +0,1.091,2715
Dec 06 2015 01: +0,1.045,2224
Dec 07 2015 01: +0,1.043,2214
Dec 08 2015 01: +0,1.058,2270
Dec 09 2015 01: +0,0.974,2275
Dec 10 2015 01: +0,0.962,1871
Dec 11 2015 01: +0,1.022,2148
Dec 12 2015 01: +0,1.024,2067
Dec 13 2015 01: +0,0.987,1999
Dec 14 2015 01: +0,0.998,1919
Dec 15 2015 01: +0,1.005,1777
Dec 16 2015 01: +0,0.988,1763
Dec 17 2015 01: +0,1.008,1906
Dec 18 2015 01: +0,1.008,1854
Dec 19 2015 01: +0,1.001,2176
Dec 20 2015 01: +0,1.016,2089
Dec 21 2015 01: +0,1.03,1855
Dec 22 2015 01: +0,1.01,2208
Dec 23 2015 01: +0,0.997,2706
Dec 24 2015 01: +0,1.018,2744
Dec 25 2015 01: +0,1.062,2752
Dec 26 2015 01: +0,1.089,2772
Dec 27 2015 01: +0,1.065,2613
Dec 28 2015 01: +0,1.079,2826
Dec 29 2015 01: +0,1.092,2541
Dec 30 2015 01: +0,1.092,2667
Dec 31 2015 01: +0,1.103,3474
Jan 01 2016 01: +0,1.111,2480
Jan 02 2016 01: +0,1.098,2849
Jan 03 2016 01: +0,1.077,2527
Jan 04 2016 01: +0,1.075,2303
Jan 05 2016 01: +0,1.114,2378
Jan 06 2016 01: +0,1.113,1742
Jan 07 2016 01: +0,1.126,1962
Jan 08 2016 01: +0,1.152,1991
Jan 09 2016 01: +0,1.186,2639
Jan 10 2016 01: +0,1.186,2085
Jan 11 2016 01: +0,1.198,1744
Jan 12 2016 01: +0,1.194,1777
Jan 13 2016 01: +0,1.194,1614
Jan 14 2016 01: +0,1.21,2210
Jan 15 2016 01: +0,1.215,2309
Jan 16 2016 01: +0,1.217,2124
Jan 17 2016 01: +0,1.202,1947
Jan 18 2016 01: +0,1.225,2032
Jan 19 2016 01: +0,1.195,1492
Jan 20 2016 01: +0,1.202,1707
Jan 21 2016 01: +0,1.181,1560
Jan 22 2016 01: +0,1.232,2213
Jan 23 2016 01: +0,1.235,2063
Jan 24 2016 01: +0,1.25,2101
Jan 25 2016 01: +0,1.294,1532
Jan 26 2016 01: +0,1.343,1816
Jan 27 2016 01: +0,1.415,2368
Jan 28 2016 01: +0,1.744,2767
Jan 29 2016 01: +0,1.804,1920
Jan 30 2016 01: +0,1.709,1731
Jan 31 2016 01: +0,1.641,1731
Feb 01 2016 01: +0,1.597,1302
Feb 02 2016 01: +0,1.568,1341
Feb 03 2016 01: +0,1.55,1358
Feb 04 2016 01: +0,1.593,1382
Feb 05 2016 01: +0,1.536,1766
Feb 06 2016 01: +0,1.395,1755
Feb 07 2016 01: +0,1.341,1691
Feb 08 2016 01: +0,1.331,1554
Feb 09 2016 01: +0,1.315,1362
Feb 10 2016 01: +0,1.315,1301
Feb 11 2016 01: +0,1.38,1348
Feb 12 2016 01: +0,1.44,1694
Feb 13 2016 01: +0,1.473,1442
Feb 14 2016 01: +0,1.473,1550
Feb 15 2016 01: +0,1.523,1515
Feb 16 2016 01: +0,1.494,1080
Feb 17 2016 01: +0,1.458,1299
Feb 18 2016 01: +0,1.249,3356
Feb 19 2016 01: +0,1.204,1460
Feb 20 2016 01: +0,1.19,1488
Feb 21 2016 01: +0,1.158,1286
Feb 22 2016 01: +0,1.201,1386
Feb 23 2016 01: +0,1.165,1303
Feb 24 2016 01: +0,1.239,1442
Feb 25 2016 01: +0,1.229,1383
Feb 26 2016 01: +0,1.237,1509
Feb 27 2016 01: +0,1.18,1518
Feb 28 2016 01: +0,1.169,985
Feb 29 2016 01: +0,1.172,1293
Mar 01 2016 01: +0,1.132,1290
Mar 02 2016 01: +0,1.181,1514
Mar 03 2016 01: +0,1.175,1235
Mar 04 2016 01: +0,1.142,1321
Mar 05 2016 01: +0,1.169,1486
Mar 06 2016 01: +0,1.122,1307
Mar 07 2016 01: +0,1.123,1284
Mar 08 2016 01: +0,1.133,1312
Mar 09 2016 01: +0,1.131,1052
Mar 10 2016 01: +0,1.555,5643
Mar 11 2016 01: +0,1.478,1095
Mar 12 2016 01: +0,1.569,1067
Mar 13 2016 01: +0,1.561,921
Mar 14 2016 01: +0,1.625,1102
Mar 15 2016 01: +0,1.669,909
Mar 16 2016 01: +0,1.768,872
Mar 17 2016 01: +0,1.761,878
Mar 18 2016 01: +0,1.68,953
Mar 19 2016 01: +0,1.613,1006
Mar 20 2016 01: +0,1.626,865
Mar 21 2016 01: +0,1.58,850
Mar 22 2016 01: +0,1.599,594
Mar 23 2016 01: +0,1.583,681
Mar 24 2016 01: +0,1.624,955
Mar 25 2016 01: +0,1.583,1046
Mar 26 2016 01: +0,1.495,921
Mar 27 2016 01: +0,1.457,983
Mar 28 2016 01: +0,1.49,959
Mar 29 2016 01: +0,1.451,1201
Mar 30 2016 01: +0,1.526,959
Mar 31 2016 01: +0,1.566,1041
Apr 01 2016 01: +0,1.582,1580
Apr 02 2016 01: +0,1.571,1245
Apr 03 2016 01: +0,1.427,1684
Apr 04 2016 01: +0,1.566,2401
Apr 05 2016 01: +0,1.67,1007
Apr 06 2016 01: +0,1.619,909
Apr 07 2016 01: +0,1.622,1020
Apr 08 2016 01: +0,1.631,1080
Apr 09 2016 01: +0,1.616,1087
Apr 10 2016 01: +0,1.555,1009
Apr 11 2016 01: +0,1.57,979
Apr 12 2016 01: +0,1.593,932
Apr 13 2016 01: +0,1.591,985
Apr 14 2016 01: +0,1.601,1114
Apr 15 2016 01: +0,1.62,1069
Apr 16 2016 01: +0,1.662,1229
Apr 17 2016 01: +0,1.571,1031
Apr 18 2016 01: +0,1.507,886
Apr 19 2016 01: +0,1.549,988
Apr 20 2016 01: +0,1.568,849
Apr 21 2016 01: +0,1.545,1018
Apr 22 2016 01: +0,1.614,1232
Apr 23 2016 01: +0,1.616,1069
Apr 24 2016 01: +0,1.595,1102
Apr 25 2016 01: +0,1.603,956
Apr 26 2016 01: +0,1.603,1036
Apr 27 2016 01: +0,1.629,990
Apr 28 2016 01: +0,1.609,1113
Apr 29 2016 01: +0,1.575,947
Apr 30 2016 01: +0,1.591,959
May 01 2016 01: +0,1.518,1029
May 02 2016 01: +0,1.504,847
May 03 2016 01: +0,1.545,802
May 04 2016 01: +0,1.528,898
May 05 2016 01: +0,1.521,990
May 06 2016 01: +0,1.554,929
May 07 2016 01: +0,1.504,963
May 08 2016 01: +0,1.45,779
May 09 2016 01: +0,1.456,721
May 10 2016 01: +0,1.428,580
May 11 2016 01: +0,1.402,713
May 12 2016 01: +0,1.375,995
May 13 2016 01: +0,1.403,908
May 14 2016 01: +0,1.411,987
May 15 2016 01: +0,1.408,882
May 16 2016 01: +0,1.417,800
May 17 2016 01: +0,1.313,869
May 18 2016 01: +0,1.356,832
May 19 2016 01: +0,1.341,804
May 20 2016 01: +0,1.35,816
May 21 2016 01: +0,1.357,919
May 22 2016 01: +0,1.335,888
May 23 2016 01: +0,1.324,790
May 24 2016 01: +0,1.273,626
May 25 2016 01: +0,1.287,924
May 26 2016 01: +0,1.26,790
May 27 2016 01: +0,1.257,982
May 28 2016 01: +0,1.285,1062
May 29 2016 01: +0,1.291,830
May 30 2016 01: +0,1.269,809
May 31 2016 01: +0,1.3,722
Jun 01 2016 01: +0,1.3,857
Jun 02 2016 01: +0,1.313,1013
Jun 03 2016 01: +0,1.328,1002
Jun 04 2016 01: +0,1.365,1020
Jun 05 2016 01: +0,1.333,761
Jun 06 2016 01: +0,1.293,735
Jun 07 2016 01: +0,1.292,851
Jun 08 2016 01: +0,1.298,892
Jun 09 2016 01: +0,1.328,909
Jun 10 2016 01: +0,1.408,1055
Jun 11 2016 01: +0,1.379,803
Jun 12 2016 01: +0,1.342,945
Jun 13 2016 01: +0,1.28,743
Jun 14 2016 01: +0,1.238,615
Jun 15 2016 01: +0,1.257,801
Jun 16 2016 01: +0,1.249,872
Jun 17 2016 01: +0,1.242,827
Jun 18 2016 01: +0,1.274,1179
Jun 19 2016 01: +0,1.204,828
Jun 20 2016 01: +0,1.162,719
Jun 21 2016 01: +0,1.15,755
Jun 22 2016 01: +0,1.144,789
Jun 23 2016 01: +0,1.086,739
Jun 24 2016 01: +0,1.056,915
Jun 25 2016 01: +0,1.029,879
Jun 26 2016 01: +0,1.035,1140
Jun 27 2016 01: +0,1.054,820
Jun 28 2016 01: +0,1.037,814
Jun 29 2016 01: +0,0.988,877
Jun 30 2016 01: +0,1.038,750
Jul 01 2016 01: +0,1.006,825
Jul 02 2016 01: +0,1.011,803
Jul 03 2016 01: +0,0.956,940
Jul 04 2016 01: +0,0.931,935
Jul 05 2016 01: +0,0.988,706
Jul 06 2016 01: +0,1.02,713
Jul 07 2016 01: +0,1.024,719
Jul 08 2016 01: +0,1.025,681
Jul 09 2016 01: +0,1.021,786
Jul 10 2016 01: +0,1.005,898
Jul 11 2016 01: +0,1.011,716
Jul 12 2016 01: +0,1.068,773
Jul 13 2016 01: +0,1.108,538
Jul 14 2016 01: +0,1.063,726
Jul 15 2016 01: +0,1.069,831
Jul 16 2016 01: +0,1.067,684
Jul 17 2016 01: +0,1.025,649
Jul 18 2016 01: +0,1.003,680
Jul 19 2016 01: +0,1.027,680
Jul 20 2016 01: +0,1.037,600
Jul 21 2016 01: +0,1.0,672
Jul 22 2016 01: +0,0.992,628
Jul 23 2016 01: +0,1.007,553
Jul 24 2016 01: +0,0.984,592
Jul 25 2016 01: +0,0.983,531
Jul 26 2016 01: +0,0.998,665
Jul 27 2016 01: +0,1.038,521
Jul 28 2016 01: +0,1.044,514
Jul 29 2016 01: +0,1.064,661
Jul 30 2016 01: +0,1.082,697
Jul 31 2016 01: +0,1.061,523
Aug 01 2016 01: +0,1.039,573
Aug 02 2016 01: +0,0.988,621
Aug 03 2016 01: +0,0.98,533
Aug 04 2016 01: +0,0.97,565
Aug 05 2016 01: +0,1.018,805
Aug 06 2016 01: +0,0.995,608
Aug 07 2016 01: +0,0.969,514
Aug 08 2016 01: +0,0.968,552
Aug 09 2016 01: +0,0.964,848
Aug 10 2016 01: +0,0.948,535
Aug 11 2016 01: +0,0.94,523
Aug 12 2016 01: +0,0.898,581
Aug 13 2016 01: +0,0.9,552
Aug 14 2016 01: +0,0.897,517
Aug 15 2016 01: +0,0.899,555
Aug 16 2016 01: +0,0.918,553
Aug 17 2016 01: +0,0.925,535
Aug 18 2016 01: +0,0.917,543
Aug 19 2016 01: +0,0.868,706
Aug 20 2016 01: +0,0.915,536
Aug 21 2016 01: +0,0.858,586
Aug 22 2016 01: +0,0.808,585
Aug 23 2016 01: +0,0.813,581
Aug 24 2016 01: +0,0.803,451
Aug 25 2016 01: +0,0.813,706
Aug 26 2016 01: +0,0.795,669
Aug 27 2016 01: +0,0.791,651
Aug 28 2016 01: +0,0.785,758
Aug 29 2016 01: +0,0.822,620
Aug 30 2016 01: +0,0.813,562
Aug 31 2016 01: +0,0.856,622
Sep 01 2016 01: +0,0.878,498
Sep 02 2016 01: +0,0.869,631
Sep 03 2016 01: +0,0.875,808
Sep 04 2016 01: +0,0.867,596
Sep 05 2016 01: +0,0.861,610
Sep 06 2016 01: +0,0.875,504
Sep 07 2016 01: +0,0.85,540
Sep 08 2016 01: +0,0.836,530
Sep 09 2016 01: +0,0.832,720
Sep 10 2016 01: +0,0.847,748
Sep 11 2016 01: +0,0.825,626
Sep 12 2016 01: +0,0.83,556
Sep 13 2016 01: +0,0.804,608
Sep 14 2016 01: +0,0.788,572
Sep 15 2016 01: +0,0.828,622
Sep 16 2016 01: +0,0.816,636
Sep 17 2016 01: +0,0.828,779
Sep 18 2016 01: +0,0.82,585
Sep 19 2016 01: +0,0.859,620
Sep 20 2016 01: +0,0.877,702
Sep 21 2016 01: +0,0.91,562
Sep 22 2016 01: +0,0.934,648
Sep 23 2016 01: +0,0.963,686
Sep 24 2016 01: +0,0.982,745
Sep 25 2016 01: +0,0.992,717
Sep 26 2016 01: +0,1.036,750
Sep 27 2016 01: +0,1.05,665
Sep 28 2016 01: +0,1.061,501
Sep 29 2016 01: +0,1.053,623
Sep 30 2016 01: +0,1.072,738
Oct 01 2016 01: +0,1.096,718
Oct 02 2016 01: +0,1.089,659
Oct 03 2016 01: +0,1.068,600
Oct 04 2016 01: +0,1.064,618
Oct 05 2016 01: +0,1.087,579
Oct 06 2016 01: +0,1.051,620
Oct 07 2016 01: +0,1.044,782
Oct 08 2016 01: +0,1.03,675
Oct 09 2016 01: +0,1.021,651
Oct 10 2016 01: +0,1.028,580
Oct 11 2016 01: +0,1.048,492
Oct 12 2016 01: +0,1.035,515
Oct 13 2016 01: +0,1.07,739
Oct 14 2016 01: +0,1.065,693
Oct 15 2016 01: +0,1.061,705
Oct 16 2016 01: +0,1.04,605
Oct 17 2016 01: +0,1.058,582
Oct 18 2016 01: +0,1.042,511
Oct 19 2016 01: +0,1.027,482
Oct 20 2016 01: +0,1.032,558
Oct 21 2016 01: +0,1.04,620
Oct 22 2016 01: +0,1.026,615
Oct 23 2016 01: +0,1.005,598
Oct 24 2016 01: +0,1.002,457
Oct 25 2016 01: +0,0.997,493
Oct 26 2016 01: +0,0.961,518
Oct 27 2016 01: +0,0.938,611
Oct 28 2016 01: +0,0.943,887
Oct 29 2016 01: +0,0.959,869
Oct 30 2016 01: +0,0.894,641
Oct 31 2016 01: +0,0.855,682
Nov 01 2016 01: +0,0.882,753
Nov 02 2016 01: +0,0.927,667
Nov 03 2016 01: +0,0.923,409
Nov 04 2016 01: +0,0.905,558
Nov 05 2016 01: +0,0.947,987
Nov 06 2016 01: +0,0.945,716
Nov 07 2016 01: +0,0.964,591
Nov 08 2016 01: +0,0.944,509
Nov 09 2016 01: +0,0.896,441
Nov 10 2016 01: +0,0.933,632
Nov 11 2016 01: +0,0.924,656
Nov 12 2016 01: +0,0.9,668
Nov 13 2016 01: +0,0.897,575
Nov 14 2016 01: +0,0.902,544
Nov 15 2016 01: +0,0.926,539
Nov 16 2016 01: +0,0.914,595
Nov 17 2016 01: +0,0.928,651
Nov 18 2016 01: +0,0.94,715
Nov 19 2016 01: +0,0.926,729
Nov 20 2016 01: +0,0.91,649
Nov 21 2016 01: +0,0.926,677
Nov 22 2016 01: +0,0.912,547
Nov 23 2016 01: +0,0.885,566
Nov 24 2016 01: +0,0.886,752
Nov 25 2016 01: +0,0.924,805
Nov 26 2016 01: +0,0.915,995
Nov 27 2016 01: +0,0.901,711
Nov 28 2016 01: +0,0.866,714
Nov 29 2016 01: +0,0.898,609
Nov 30 2016 01: +0,0.92,573
Dec 01 2016 01: +0,0.887,498
Dec 02 2016 01: +0,0.913,525
Dec 03 2016 01: +0,0.872,541
Dec 04 2016 01: +0,0.855,544
Dec 05 2016 01: +0,0.847,532
Dec 06 2016 01: +0,0.88,536
Dec 07 2016 01: +0,0.891,392
Dec 08 2016 01: +0,0.843,524
Dec 09 2016 01: +0,0.859,506
Dec 10 2016 01: +0,0.867,595
Dec 11 2016 01: +0,0.862,519
Dec 12 2016 01: +0,0.852,429
Dec 13 2016 01: +0,0.85,394
Dec 14 2016 01: +0,0.848,555
Dec 15 2016 01: +0,0.828,477
Dec 16 2016 01: +0,0.819,431
Dec 17 2016 01: +0,0.795,629
Dec 18 2016 01: +0,0.798,940
Dec 19 2016 01: +0,0.794,498
Dec 20 2016 01: +0,0.782,551
Dec 21 2016 01: +0,0.777,455
Dec 22 2016 01: +0,0.776,542
Dec 23 2016 01: +0,0.773,750
Dec 24 2016 01: +0,0.791,742
Dec 25 2016 01: +0,0.835,838
Dec 26 2016 01: +0,0.827,764
Dec 27 2016 01: +0,0.813,783
Dec 28 2016 01: +0,0.817,643
Dec 29 2016 01: +0,0.845,696
Dec 30 2016 01: +0,0.818,766
Dec 31 2016 01: +0,0.853,997
Jan 01 2017 01: +0,0.833,592
Jan 02 2017 01: +0,0.844,707
Jan 03 2017 01: +0,0.864,640
Jan 04 2017 01: +0,0.866,600
Jan 05 2017 01: +0,0.843,522
Jan 06 2017 01: +0,0.898,837
Jan 07 2017 01: +0,0.932,875
Jan 08 2017 01: +0,0.932,575
Jan 09 2017 01: +0,0.932,605
Jan 10 2017 01: +0,0.952,498
Jan 11 2017 01: +0,0.918,614
Jan 12 2017 01: +0,0.938,646
Jan 13 2017 01: +0,0.952,924
Jan 14 2017 01: +0,0.991,900
Jan 15 2017 01: +0,0.999,678
Jan 16 2017 01: +0,1.022,649
Jan 17 2017 01: +0,1.022,551
Jan 18 2017 01: +0,1.016,529
Jan 19 2017 01: +0,1.01,495
Jan 20 2017 01: +0,1.019,694
Jan 21 2017 01: +0,1.051,847
Jan 22 2017 01: +0,1.021,642
Jan 23 2017 01: +0,1.016,539
Jan 24 2017 01: +0,1.031,540
Jan 25 2017 01: +0,1.067,835
Jan 26 2017 01: +0,1.108,626
Jan 27 2017 01: +0,1.103,614
Jan 28 2017 01: +0,1.094,655
Jan 29 2017 01: +0,1.068,845
Jan 30 2017 01: +0,1.065,606
Jan 31 2017 01: +0,1.081,604
Feb 01 2017 01: +0,1.136,661
Feb 02 2017 01: +0,1.141,760
Feb 03 2017 01: +0,1.155,762
Feb 04 2017 01: +0,1.206,980
Feb 05 2017 01: +0,1.19,713
Feb 06 2017 01: +0,1.184,718
Feb 07 2017 01: +0,1.145,688
Feb 08 2017 01: +0,1.162,632
Feb 09 2017 01: +0,1.162,610
Feb 10 2017 01: +0,1.174,780
Feb 11 2017 01: +0,1.189,1035
Feb 12 2017 01: +0,1.182,637
Feb 13 2017 01: +0,1.119,689
Feb 14 2017 01: +0,1.138,496
Feb 15 2017 01: +0,1.178,659
Feb 16 2017 01: +0,1.158,790
Feb 17 2017 01: +0,1.144,690
Feb 18 2017 01: +0,1.152,681
Feb 19 2017 01: +0,1.124,723
Feb 20 2017 01: +0,1.188,1501
Feb 21 2017 01: +0,1.184,608
Feb 22 2017 01: +0,1.154,532
Feb 23 2017 01: +0,1.153,649
Feb 24 2017 01: +0,1.161,805
Feb 25 2017 01: +0,1.195,949
Feb 26 2017 01: +0,1.189,772
Feb 27 2017 01: +0,1.195,765
Feb 28 2017 01: +0,1.174,631
Mar 01 2017 01: +0,1.161,568
Mar 02 2017 01: +0,1.197,644
Mar 03 2017 01: +0,1.242,798
Mar 04 2017 01: +0,1.3,743
Mar 05 2017 01: +0,1.315,706
Mar 06 2017 01: +0,1.321,631
Mar 07 2017 01: +0,1.294,509
Mar 08 2017 01: +0,1.269,598
Mar 09 2017 01: +0,1.309,611
Mar 10 2017 01: +0,1.347,682
Mar 11 2017 01: +0,1.433,975
Mar 12 2017 01: +0,1.486,702
Mar 13 2017 01: +0,1.528,599
Mar 14 2017 01: +0,1.513,478
Mar 15 2017 01: +0,1.458,585
Mar 16 2017 01: +0,1.314,586
Mar 17 2017 01: +0,1.512,1077
Mar 18 2017 01: +0,1.361,609
Mar 19 2017 01: +0,1.348,511
Mar 20 2017 01: +0,1.308,542
Mar 21 2017 01: +0,1.278,492
Mar 22 2017 01: +0,1.307,526
Mar 23 2017 01: +0,1.261,549
Mar 24 2017 01: +0,1.185,605
Mar 25 2017 01: +0,1.172,541
Mar 26 2017 01: +0,1.214,567
Mar 27 2017 01: +0,1.149,420
Mar 28 2017 01: +0,1.156,452
