Steam_scrapper/Database_of_items_price/Winter Offensive Weapon Case.csv
Date,Price,Quantity Sold
Mar 29 2017 01: +0,1.209,417
Mar 30 2017 01: +0,1.182,471
Mar 31 2017 01: +0,1.19,518
Apr 01 2017 01: +0,1.125,558
Apr 02 2017 01: +0,1.086,430
Apr 03 2017 01: +0,1.102,437
Apr 04 2017 01: +0,1.109,407
Apr 05 2017 01: +0,1.114,500
Apr 06 2017 01: +0,1.105,439
Apr 07 2017 01: +0,1.101,410
Apr 08 2017 01: +0,1.076,540
Apr 09 2017 01: +0,1.044,411
Apr 10 2017 01: +0,0.995,409
Apr 11 2017 01: +0,1.024,374
Apr 12 2017 01: +0,0.991,449
Apr 13 2017 01: +0,1.019,459
Apr 14 2017 01: +0,0.997,325
Apr 15 2017 01: +0,0.989,428
Apr 16 2017 01: +0,1.006,442
Apr 17 2017 01: +0,0.955,451
Apr 18 2017 01: +0,0.909,553
Apr 19 2017 01: +0,0.906,469
Apr 20 2017 01: +0,0.923,542
Apr 21 2017 01: +0,0.969,486
Apr 22 2017 01: +0,0.956,632
Apr 23 2017 01: +0,0.941,498
Apr 24 2017 01: +0,0.922,426
Apr 25 2017 01: +0,0.939,450
Apr 26 2017 01: +0,0.927,547
Apr 27 2017 01: +0,0.922,436
Apr 28 2017 01: +0,0.927,596
Apr 29 2017 01: +0,0.919,519
Apr 30 2017 01: +0,0.914,659
May 01 2017 01: +0,0.911,521
May 02 2017 01: +0,0.904,509
May 03 2017 01: +0,0.921,439
May 04 2017 01: +0,0.988,1203
May 05 2017 01: +0,0.978,667
May 06 2017 01: +0,0.973,517
May 07 2017 01: +0,0.954,533
May 08 2017 01: +0,0.943,450
May 09 2017 01: +0,0.964,576
May 10 2017 01: +0,0.963,451
May 11 2017 01: +0,0.958,462
May 12 2017 01: +0,0.941,543
May 13 2017 01: +0,0.95,430
May 14 2017 01: +0,0.951,635
May 15 2017 01: +0,0.923,454
May 16 2017 01: +0,0.95,562
May 17 2017 01: +0,0.946,456
May 18 2017 01: +0,0.972,576
May 19 2017 01: +0,0.968,497
May 20 2017 01: +0,0.954,477
May 21 2017 01: +0,0.941,530
May 22 2017 01: +0,0.936,409
May 23 2017 01: +0,0.933,430
May 24 2017 01: +0,0.822,697
May 25 2017 01: +0,0.798,384
May 26 2017 01: +0,0.857,476
May 27 2017 01: +0,0.888,454
May 28 2017 01: +0,0.817,387
May 29 2017 01: +0,0.869,406
May 30 2017 01: +0,0.817,301
May 31 2017 01: +0,0.846,429
Jun 01 2017 01: +0,0.892,461
Jun 02 2017 01: +0,0.935,551
Jun 03 2017 01: +0,0.958,434
Jun 04 2017 01: +0,0.953,563
Jun 05 2017 01: +0,0.927,543
Jun 06 2017 01: +0,0.843,395
Jun 07 2017 01: +0,0.823,508
Jun 08 2017 01: +0,0.837,412
Jun 09 2017 01: +0,0.862,447
Jun 10 2017 01: +0,0.89,498
Jun 11 2017 01: +0,0.871,326
Jun 12 2017 01: +0,0.874,514
Jun 13 2017 01: +0,0.855,417
Jun 14 2017 01: +0,0.89,613
Jun 15 2017 01: +0,0.912,521
Jun 16 2017 01: +0,0.914,477
Jun 17 2017 01: +0,0.914,363
Jun 18 2017 01: +0,0.893,361
Jun 19 2017 01: +0,0.912,374
Jun 20 2017 01: +0,0.893,444
Jun 21 2017 01: +0,0.886,407
Jun 22 2017 01: +0,0.884,522
Jun 23 2017 01: +0,0.794,545
Jun 24 2017 01: +0,0.807,519
Jun 25 2017 01: +0,0.8,474
Jun 26 2017 01: +0,0.833,484
Jun 27 2017 01: +0,0.836,504
Jun 28 2017 01: +0,0.851,417
Jun 29 2017 01: +0,0.863,368
Jun 30 2017 01: +0,0.891,490
Jul 01 2017 01: +0,0.878,388
Jul 02 2017 01: +0,0.824,390
Jul 03 2017 01: +0,0.885,620
Jul 04 2017 01: +0,0.875,458
Jul 05 2017 01: +0,0.846,574
Jul 06 2017 01: +0,0.906,509
Jul 07 2017 01: +0,0.94,570
Jul 08 2017 01: +0,0.915,420
Jul 09 2017 01: +0,0.918,574
Jul 10 2017 01: +0,0.901,467
Jul 11 2017 01: +0,0.876,466
Jul 12 2017 01: +0,0.885,484
Jul 13 2017 01: +0,0.921,567
Jul 14 2017 01: +0,0.902,438
Jul 15 2017 01: +0,0.934,455
Jul 16 2017 01: +0,0.905,452
Jul 17 2017 01: +0,0.902,458
Jul 18 2017 01: +0,0.92,466
Jul 19 2017 01: +0,0.957,543
Jul 20 2017 01: +0,0.943,589
Jul 21 2017 01: +0,0.989,753
Jul 22 2017 01: +0,1.027,858
Jul 23 2017 01: +0,1.009,752
Jul 24 2017 01: +0,1.009,707
Jul 25 2017 01: +0,1.006,752
Jul 26 2017 01: +0,1.053,730
Jul 27 2017 01: +0,1.089,614
Jul 28 2017 01: +0,1.085,592
Jul 29 2017 01: +0,1.128,626
Jul 30 2017 01: +0,1.126,588
Jul 31 2017 01: +0,1.117,559
Aug 01 2017 01: +0,1.131,653
Aug 02 2017 01: +0,1.153,706
Aug 03 2017 01: +0,1.169,778
Aug 04 2017 01: +0,1.229,736
Aug 05 2017 01: +0,1.256,664
Aug 06 2017 01: +0,1.205,592
Aug 07 2017 01: +0,1.148,524
Aug 08 2017 01: +0,1.169,403
Aug 09 2017 01: +0,1.103,463
Aug 10 2017 01: +0,1.171,772
Aug 11 2017 01: +0,1.164,692
Aug 12 2017 01: +0,1.165,689
Aug 13 2017 01: +0,1.125,656
Aug 14 2017 01: +0,1.098,585
Aug 15 2017 01: +0,1.046,526
Aug 16 2017 01: +0,1.082,528
Aug 17 2017 01: +0,1.075,538
Aug 18 2017 01: +0,1.12,1063
Aug 19 2017 01: +0,1.124,607
Aug 20 2017 01: +0,1.091,563
Aug 21 2017 01: +0,1.057,610
Aug 22 2017 01: +0,1.069,513
Aug 23 2017 01: +0,1.034,535
Aug 24 2017 01: +0,1.051,566
Aug 25 2017 01: +0,1.06,763
Aug 26 2017 01: +0,1.073,692
Aug 27 2017 01: +0,1.064,697
Aug 28 2017 01: +0,1.049,444
Aug 29 2017 01: +0,1.044,657
Aug 30 2017 01: +0,1.103,636
Aug 31 2017 01: +0,1.111,525
Sep 01 2017 01: +0,1.142,705
Sep 02 2017 01: +0,1.12,569
Sep 03 2017 01: +0,1.146,576
Sep 04 2017 01: +0,1.129,473
Sep 05 2017 01: +0,1.144,571
Sep 06 2017 01: +0,1.119,567
Sep 07 2017 01: +0,1.086,535
Sep 08 2017 01: +0,1.131,465
Sep 09 2017 01: +0,1.116,775
Sep 10 2017 01: +0,1.116,603
Sep 11 2017 01: +0,1.083,486
Sep 12 2017 01: +0,1.107,550
Sep 13 2017 01: +0,1.131,458
Sep 14 2017 01: +0,1.13,549
Sep 15 2017 01: +0,1.113,404
Sep 16 2017 01: +0,1.099,451
Sep 17 2017 01: +0,1.05,536
Sep 18 2017 01: +0,1.045,306
Sep 19 2017 01: +0,1.058,422
Sep 20 2017 01: +0,1.075,404
Sep 21 2017 01: +0,1.05,401
Sep 22 2017 01: +0,1.061,484
Sep 23 2017 01: +0,1.032,433
Sep 24 2017 01: +0,1.005,472
Sep 25 2017 01: +0,0.994,377
Sep 26 2017 01: +0,0.985,400
Sep 27 2017 01: +0,0.978,331
Sep 28 2017 01: +0,0.943,349
Sep 29 2017 01: +0,0.982,436
Sep 30 2017 01: +0,1.004,583
Oct 01 2017 01: +0,0.975,514
Oct 02 2017 01: +0,1.003,642
Oct 03 2017 01: +0,0.922,343
Oct 04 2017 01: +0,0.977,430
Oct 05 2017 01: +0,1.01,400
Oct 06 2017 01: +0,0.989,407
Oct 07 2017 01: +0,0.976,497
Oct 08 2017 01: +0,0.951,433
Oct 09 2017 01: +0,0.954,387
Oct 10 2017 01: +0,0.99,750
Oct 11 2017 01: +0,0.983,343
Oct 12 2017 01: +0,1.034,647
Oct 13 2017 01: +0,1.047,580
Oct 14 2017 01: +0,1.072,650
Oct 15 2017 01: +0,1.088,787
Oct 16 2017 01: +0,1.045,400
Oct 17 2017 01: +0,1.059,408
Oct 18 2017 01: +0,1.028,451
Oct 19 2017 01: +0,1.054,547
Oct 20 2017 01: +0,1.022,510
Oct 21 2017 01: +0,1.023,527
Oct 22 2017 01: +0,1.014,546
Oct 23 2017 01: +0,1.031,503
Oct 24 2017 01: +0,1.028,592
Oct 25 2017 01: +0,1.054,453
Oct 26 2017 01: +0,1.035,381
Oct 27 2017 01: +0,1.046,511
Oct 28 2017 01: +0,1.016,428
Oct 29 2017 01: +0,0.998,521
Oct 30 2017 01: +0,0.981,429
Oct 31 2017 01: +0,0.993,539
Nov 01 2017 01: +0,0.977,525
Nov 02 2017 01: +0,0.988,418
Nov 03 2017 01: +0,1.016,498
Nov 04 2017 01: +0,1.001,594
Nov 05 2017 01: +0,1.009,687
Nov 06 2017 01: +0,1.009,389
Nov 07 2017 01: +0,1.012,530
Nov 08 2017 01: +0,1.024,558
Nov 09 2017 01: +0,1.055,753
Nov 10 2017 01: +0,1.046,620
Nov 11 2017 01: +0,1.056,637
Nov 12 2017 01: +0,1.04,581
Nov 13 2017 01: +0,1.012,436
Nov 14 2017 01: +0,0.99,411
Nov 15 2017 01: +0,1.017,601
Nov 16 2017 01: +0,1.026,549
Nov 17 2017 01: +0,1.028,447
Nov 18 2017 01: +0,1.015,554
Nov 19 2017 01: +0,1.008,485
Nov 20 2017 01: +0,1.002,390
Nov 21 2017 01: +0,1.016,517
Nov 22 2017 01: +0,0.998,400
Nov 23 2017 01: +0,0.939,473
Nov 24 2017 01: +0,0.996,573
Nov 25 2017 01: +0,0.999,701
Nov 26 2017 01: +0,0.968,525
Nov 27 2017 01: +0,0.984,380
Nov 28 2017 01: +0,0.981,314
Nov 29 2017 01: +0,0.993,483
Nov 30 2017 01: +0,0.984,478
Dec 01 2017 01: +0,0.973,466
Dec 02 2017 01: +0,0.957,614
Dec 03 2017 01: +0,0.94,600
Dec 04 2017 01: +0,0.928,352
Dec 05 2017 01: +0,0.896,586
Dec 06 2017 01: +0,0.893,532
Dec 07 2017 01: +0,0.886,670
Dec 08 2017 01: +0,0.893,687
Dec 09 2017 01: +0,0.905,954
Dec 10 2017 01: +0,0.9,473
Dec 11 2017 01: +0,0.913,515
Dec 12 2017 01: +0,0.939,586
Dec 13 2017 01: +0,0.929,509
Dec 14 2017 01: +0,0.962,464
Dec 15 2017 01: +0,0.974,439
Dec 16 2017 01: +0,0.958,381
Dec 17 2017 01: +0,0.961,496
Dec 18 2017 01: +0,0.943,442
Dec 19 2017 01: +0,0.955,300
Dec 20 2017 01: +0,0.963,404
Dec 21 2017 01: +0,0.905,389
Dec 22 2017 01: +0,0.93,499
Dec 23 2017 01: +0,0.93,451
Dec 24 2017 01: +0,0.907,484
Dec 25 2017 01: +0,0.924,728
Dec 26 2017 01: +0,0.956,608
Dec 27 2017 01: +0,0.988,858
Dec 28 2017 01: +0,0.98,645
Dec 29 2017 01: +0,0.993,724
Dec 30 2017 01: +0,0.999,718
Dec 31 2017 01: +0,0.99,495
Jan 01 2018 01: +0,0.981,445
Jan 02 2018 01: +0,0.997,549
Jan 03 2018 01: +0,1.024,1219
Jan 04 2018 01: +0,1.0,455
Jan 05 2018 01: +0,1.031,594
Jan 06 2018 01: +0,1.086,585
Jan 07 2018 01: +0,1.022,501
Jan 08 2018 01: +0,0.97,516
Jan 09 2018 01: +0,0.96,537
Jan 10 2018 01: +0,0.969,481
Jan 11 2018 01: +0,1.005,451
Jan 12 2018 01: +0,0.957,505
Jan 13 2018 01: +0,0.987,541
Jan 14 2018 01: +0,0.975,692
Jan 15 2018 01: +0,0.963,526
Jan 16 2018 01: +0,0.962,527
Jan 17 2018 01: +0,0.975,422
Jan 18 2018 01: +0,0.964,522
Jan 19 2018 01: +0,1.023,761
Jan 20 2018 01: +0,1.011,683
Jan 21 2018 01: +0,1.01,567
Jan 22 2018 01: +0,0.978,545
Jan 23 2018 01: +0,0.973,524
Jan 24 2018 01: +0,0.977,459
Jan 25 2018 01: +0,0.985,501
Jan 26 2018 01: +0,0.974,680
Jan 27 2018 01: +0,0.981,677
Jan 28 2018 01: +0,1.006,696
Jan 29 2018 01: +0,0.98,563
Jan 30 2018 01: +0,0.974,548
Jan 31 2018 01: +0,0.993,776
Feb 01 2018 01: +0,1.023,722
Feb 02 2018 01: +0,1.015,628
Feb 03 2018 01: +0,1.017,797
Feb 04 2018 01: +0,1.015,793
Feb 05 2018 01: +0,1.011,613
Feb 06 2018 01: +0,1.008,783
Feb 07 2018 01: +0,1.047,655
Feb 08 2018 01: +0,1.046,720
Feb 09 2018 01: +0,1.036,685
Feb 10 2018 01: +0,1.077,933
Feb 11 2018 01: +0,1.047,553
Feb 12 2018 01: +0,1.104,637
Feb 13 2018 01: +0,1.091,495
Feb 14 2018 01: +0,1.125,557
Feb 15 2018 01: +0,1.104,656
Feb 16 2018 01: +0,1.081,536
Feb 17 2018 01: +0,1.013,501
Feb 18 2018 01: +0,1.014,506
Feb 19 2018 01: +0,1.039,563
Feb 20 2018 01: +0,1.046,469
Feb 21 2018 01: +0,1.039,410
Feb 22 2018 01: +0,0.967,484
Feb 23 2018 01: +0,1.01,509
Feb 24 2018 01: +0,1.011,654
Feb 25 2018 01: +0,1.031,570
Feb 26 2018 01: +0,1.028,519
Feb 27 2018 01: +0,1.0,316
Feb 28 2018 01: +0,1.028,486
Mar 01 2018 01: +0,1.053,488
Mar 02 2018 01: +0,1.066,621
Mar 03 2018 01: +0,1.027,672
Mar 04 2018 01: +0,0.999,538
Mar 05 2018 01: +0,1.002,666
Mar 06 2018 01: +0,1.008,431
Mar 07 2018 01: +0,0.995,476
Mar 08 2018 01: +0,1.005,483
Mar 09 2018 01: +0,0.984,413
Mar 10 2018 01: +0,1.011,473
Mar 11 2018 01: +0,0.975,357
Mar 12 2018 01: +0,0.973,466
Mar 13 2018 01: +0,0.952,316
Mar 14 2018 01: +0,0.96,383
Mar 15 2018 01: +0,0.951,491
Mar 16 2018 01: +0,0.955,491
Mar 17 2018 01: +0,0.951,520
Mar 18 2018 01: +0,0.945,586
Mar 19 2018 01: +0,0.945,318
Mar 20 2018 01: +0,0.962,581
Mar 21 2018 01: +0,0.977,438
Mar 22 2018 01: +0,0.994,415
Mar 23 2018 01: +0,1.041,694
Mar 24 2018 01: +0,0.999,528
Mar 25 2018 01: +0,0.99,293
Mar 26 2018 01: +0,0.937,314
Mar 27 2018 01: +0,0.952,285
Mar 28 2018 01: +0,0.92,311
Mar 29 2018 01: +0,0.95,622
Mar 30 2018 01: +0,0.955,453
Mar 31 2018 01: +0,0.955,501
Apr 01 2018 01: +0,0.939,481
Apr 02 2018 01: +0,0.936,428
Apr 03 2018 01: +0,0.986,730
Apr 04 2018 01: +0,0.97,470
Apr 05 2018 01: +0,1.037,557
Apr 06 2018 01: +0,1.045,533
Apr 07 2018 01: +0,1.059,667
Apr 08 2018 01: +0,1.058,495
Apr 09 2018 01: +0,1.044,402
Apr 10 2018 01: +0,1.065,441
Apr 11 2018 01: +0,1.047,312
Apr 12 2018 01: +0,1.079,438
Apr 13 2018 01: +0,1.063,434
Apr 14 2018 01: +0,1.05,520
Apr 15 2018 01: +0,1.035,556
Apr 16 2018 01: +0,1.06,395
Apr 17 2018 01: +0,1.086,351
Apr 18 2018 01: +0,1.073,453
Apr 19 2018 01: +0,1.059,353
Apr 20 2018 01: +0,1.091,402
Apr 21 2018 01: +0,1.043,354
Apr 22 2018 01: +0,1.065,361
Apr 23 2018 01: +0,1.023,267
Apr 24 2018 01: +0,1.066,412
Apr 25 2018 01: +0,1.071,290
Apr 26 2018 01: +0,1.068,379
Apr 27 2018 01: +0,1.09,390
Apr 28 2018 01: +0,1.075,490
Apr 29 2018 01: +0,1.077,358
Apr 30 2018 01: +0,1.068,454
May 01 2018 01: +0,1.108,538
May 02 2018 01: +0,1.112,419
May 03 2018 01: +0,1.073,401
May 04 2018 01: +0,1.109,490
May 05 2018 01: +0,1.066,432
May 06 2018 01: +0,1.1,596
May 07 2018 01: +0,1.04,320
May 08 2018 01: +0,1.071,336
May 09 2018 01: +0,1.021,553
May 10 2018 01: +0,1.101,381
May 11 2018 01: +0,1.113,434
May 12 2018 01: +0,1.13,432
May 13 2018 01: +0,1.117,373
May 14 2018 01: +0,1.118,275
May 15 2018 01: +0,1.096,273
May 16 2018 01: +0,1.049,337
May 17 2018 01: +0,1.067,436
May 18 2018 01: +0,1.079,457
May 19 2018 01: +0,1.093,406
May 20 2018 01: +0,1.069,366
May 21 2018 01: +0,1.006,254
May 22 2018 01: +0,1.082,314
May 23 2018 01: +0,1.09,259
May 24 2018 01: +0,1.093,429
May 25 2018 01: +0,1.101,400
May 26 2018 01: +0,1.114,593
May 27 2018 01: +0,1.102,433
May 28 2018 01: +0,1.092,481
May 29 2018 01: +0,1.118,442
May 30 2018 01: +0,1.131,322
May 31 2018 01: +0,1.133,577
Jun 01 2018 01: +0,1.113,413
Jun 02 2018 01: +0,1.157,526
Jun 03 2018 01: +0,1.147,311
Jun 04 2018 01: +0,1.184,462
Jun 05 2018 01: +0,1.137,275
Jun 06 2018 01: +0,1.157,330
Jun 07 2018 01: +0,1.186,253
Jun 08 2018 01: +0,1.203,512
Jun 09 2018 01: +0,1.164,352
Jun 10 2018 01: +0,1.145,280
Jun 11 2018 01: +0,1.095,346
Jun 12 2018 01: +0,1.127,339
Jun 13 2018 01: +0,1.154,406
Jun 14 2018 01: +0,1.136,273
Jun 15 2018 01: +0,1.135,322
Jun 16 2018 01: +0,1.154,344
Jun 17 2018 01: +0,1.203,336
Jun 18 2018 01: +0,1.193,329
Jun 19 2018 01: +0,1.21,321
Jun 20 2018 01: +0,1.094,206
Jun 21 2018 01: +0,1.088,317
Jun 22 2018 01: +0,1.084,334
Jun 23 2018 01: +0,1.057,411
Jun 24 2018 01: +0,1.045,263
Jun 25 2018 01: +0,1.075,303
Jun 26 2018 01: +0,1.12,359
Jun 27 2018 01: +0,1.144,372
Jun 28 2018 01: +0,1.175,526
Jun 29 2018 01: +0,1.205,462
Jun 30 2018 01: +0,1.22,359
Jul 01 2018 01: +0,1.168,316
Jul 02 2018 01: +0,1.249,554
Jul 03 2018 01: +0,1.274,309
Jul 04 2018 01: +0,1.234,317
Jul 05 2018 01: +0,1.222,331
Jul 06 2018 01: +0,1.295,525
Jul 07 2018 01: +0,1.296,373
Jul 08 2018 01: +0,1.278,419
Jul 09 2018 01: +0,1.253,300
Jul 10 2018 01: +0,1.31,291
Jul 11 2018 01: +0,1.33,268
Jul 12 2018 01: +0,1.342,310
Jul 13 2018 01: +0,1.411,620
Jul 14 2018 01: +0,1.492,322
Jul 15 2018 01: +0,1.504,277
Jul 16 2018 01: +0,1.497,306
Jul 17 2018 01: +0,1.648,400
Jul 18 2018 01: +0,1.627,246
Jul 19 2018 01: +0,1.667,328
Jul 20 2018 01: +0,1.695,503
Jul 21 2018 01: +0,1.777,397
Jul 22 2018 01: +0,1.696,312
Jul 23 2018 01: +0,1.561,199
Jul 24 2018 01: +0,1.617,291
Jul 25 2018 01: +0,1.572,219
Jul 26 2018 01: +0,1.622,319
Jul 27 2018 01: +0,1.661,225
Jul 28 2018 01: +0,1.733,400
Jul 29 2018 01: +0,1.69,264
Jul 30 2018 01: +0,1.652,238
Jul 31 2018 01: +0,1.676,259
Aug 01 2018 01: +0,1.716,324
Aug 02 2018 01: +0,1.689,243
Aug 03 2018 01: +0,1.612,245
Aug 04 2018 01: +0,1.597,255
Aug 05 2018 01: +0,1.635,258
Aug 06 2018 01: +0,1.524,208
Aug 07 2018 01: +0,1.609,575
Aug 08 2018 01: +0,1.472,247
Aug 09 2018 01: +0,1.495,354
Aug 10 2018 01: +0,1.484,200
Aug 11 2018 01: +0,1.395,170
Aug 12 2018 01: +0,1.417,294
Aug 13 2018 01: +0,1.428,188
Aug 14 2018 01: +0,1.387,193
Aug 15 2018 01: +0,1.428,193
Aug 16 2018 01: +0,1.443,178
Aug 17 2018 01: +0,1.453,200
Aug 18 2018 01: +0,1.363,302
Aug 19 2018 01: +0,1.324,216
Aug 20 2018 01: +0,1.286,257
Aug 21 2018 01: +0,1.306,187
Aug 22 2018 01: +0,1.31,195
Aug 23 2018 01: +0,1.295,235
Aug 24 2018 01: +0,1.305,253
Aug 25 2018 01: +0,1.316,226
Aug 26 2018 01: +0,1.287,348
Aug 27 2018 01: +0,1.255,218
Aug 28 2018 01: +0,1.236,216
Aug 29 2018 01: +0,1.214,200
Aug 30 2018 01: +0,1.221,282
Aug 31 2018 01: +0,1.174,221
Sep 01 2018 01: +0,1.222,304
Sep 02 2018 01: +0,1.196,211
Sep 03 2018 01: +0,1.218,219
Sep 04 2018 01: +0,1.264,304
Sep 05 2018 01: +0,1.213,194
Sep 06 2018 01: +0,1.201,207
Sep 07 2018 01: +0,1.263,330
Sep 08 2018 01: +0,1.231,226
Sep 09 2018 01: +0,1.224,265
Sep 10 2018 01: +0,1.219,197
Sep 11 2018 01: +0,1.197,186
Sep 12 2018 01: +0,1.185,235
Sep 13 2018 01: +0,1.271,225
Sep 14 2018 01: +0,1.271,399
Sep 15 2018 01: +0,1.242,250
Sep 16 2018 01: +0,1.252,277
Sep 17 2018 01: +0,1.288,295
Sep 18 2018 01: +0,1.281,213
Sep 19 2018 01: +0,1.265,212
Sep 20 2018 01: +0,1.311,216
Sep 21 2018 01: +0,1.308,328
Sep 22 2018 01: +0,1.284,380
Sep 23 2018 01: +0,1.274,356
Sep 24 2018 01: +0,1.253,188
Sep 25 2018 01: +0,1.262,237
Sep 26 2018 01: +0,1.254,193
Sep 27 2018 01: +0,1.312,211
Sep 28 2018 01: +0,1.351,380
Sep 29 2018 01: +0,1.402,375
Sep 30 2018 01: +0,1.418,347
Oct 01 2018 01: +0,1.41,291
Oct 02 2018 01: +0,1.359,259
Oct 03 2018 01: +0,1.422,304
Oct 04 2018 01: +0,1.457,278
Oct 05 2018 01: +0,1.436,287
Oct 06 2018 01: +0,1.408,306
Oct 07 2018 01: +0,1.359,214
Oct 08 2018 01: +0,1.449,295
Oct 09 2018 01: +0,1.389,189
Oct 10 2018 01: +0,1.429,378
Oct 11 2018 01: +0,1.48,585
Oct 12 2018 01: +0,1.468,231
Oct 13 2018 01: +0,1.426,242
Oct 14 2018 01: +0,1.361,206
Oct 15 2018 01: +0,1.484,214
Oct 16 2018 01: +0,1.421,161
Oct 17 2018 01: +0,1.496,254
Oct 18 2018 01: +0,1.449,180
Oct 19 2018 01: +0,1.484,261
Oct 20 2018 01: +0,1.453,243
Oct 21 2018 01: +0,1.394,288
Oct 22 2018 01: +0,1.435,316
Oct 23 2018 01: +0,1.42,198
Oct 24 2018 01: +0,1.45,187
Oct 25 2018 01: +0,1.494,376
Oct 26 2018 01: +0,1.524,330
Oct 27 2018 01: +0,1.533,255
Oct 28 2018 01: +0,1.403,209
Oct 29 2018 01: +0,1.32,255
Oct 30 2018 01: +0,1.411,302
Oct 31 2018 01: +0,1.486,289
Nov 01 2018 01: +0,1.546,301
Nov 02 2018 01: +0,1.518,305
Nov 03 2018 01: +0,1.543,288
Nov 04 2018 01: +0,1.491,244
Nov 05 2018 01: +0,1.508,187
Nov 06 2018 01: +0,1.503,171
Nov 07 2018 01: +0,1.535,211
Nov 08 2018 01: +0,1.545,276
Nov 09 2018 01: +0,1.572,302
Nov 10 2018 01: +0,1.488,241
Nov 11 2018 01: +0,1.619,384
Nov 12 2018 01: +0,1.582,216
Nov 13 2018 01: +0,1.547,419
Nov 14 2018 01: +0,1.533,201
Nov 15 2018 01: +0,1.484,192
Nov 16 2018 01: +0,1.507,230
Nov 17 2018 01: +0,1.619,356
Nov 18 2018 01: +0,1.579,306
Nov 19 2018 01: +0,1.575,222
Nov 20 2018 01: +0,1.574,148
Nov 21 2018 01: +0,1.491,224
Nov 22 2018 01: +0,1.473,325
Nov 23 2018 01: +0,1.433,219
Nov 24 2018 01: +0,1.445,283
Nov 25 2018 01: +0,1.404,248
Nov 26 2018 01: +0,1.456,218
Nov 27 2018 01: +0,1.398,233
Nov 28 2018 01: +0,1.544,469
Nov 29 2018 01: +0,1.504,229
Nov 30 2018 01: +0,1.513,287
Dec 01 2018 01: +0,1.616,379
Dec 02 2018 01: +0,1.553,284
Dec 03 2018 01: +0,1.537,161
Dec 04 2018 01: +0,1.603,512
Dec 05 2018 01: +0,1.58,226
Dec 06 2018 01: +0,1.508,509
Dec 07 2018 01: +0,1.382,371
