Steam_scrapper/Database_of_items_price/Winter Offensive Weapon Case.csv
Date,Price,Quantity Sold
Dec 08 2018 01: +0,1.348,247
Dec 09 2018 01: +0,1.336,290
Dec 10 2018 01: +0,1.351,226
Dec 11 2018 01: +0,1.342,268
Dec 12 2018 01: +0,1.394,299
Dec 13 2018 01: +0,1.381,830
Dec 14 2018 01: +0,1.419,385
Dec 15 2018 01: +0,1.37,294
Dec 16 2018 01: +0,1.369,394
Dec 17 2018 01: +0,1.321,193
Dec 18 2018 01: +0,1.367,248
Dec 19 2018 01: +0,1.335,184
Dec 20 2018 01: +0,1.251,290
Dec 21 2018 01: +0,1.219,407
Dec 22 2018 01: +0,1.183,453
Dec 23 2018 01: +0,1.177,271
Dec 24 2018 01: +0,1.139,312
Dec 25 2018 01: +0,1.202,316
Dec 26 2018 01: +0,1.22,397
Dec 27 2018 01: +0,1.18,307
Dec 28 2018 01: +0,1.208,435
Dec 29 2018 01: +0,1.194,322
Dec 30 2018 01: +0,1.126,418
Dec 31 2018 01: +0,1.132,309
Jan 01 2019 01: +0,1.184,403
Jan 02 2019 01: +0,1.263,377
Jan 03 2019 01: +0,1.272,370
Jan 04 2019 01: +0,1.285,272
Jan 05 2019 01: +0,1.214,283
Jan 06 2019 01: +0,1.259,261
Jan 07 2019 01: +0,1.256,206
Jan 08 2019 01: +0,1.324,356
Jan 09 2019 01: +0,1.352,323
Jan 10 2019 01: +0,1.389,328
Jan 11 2019 01: +0,1.336,323
Jan 12 2019 01: +0,1.422,402
Jan 13 2019 01: +0,1.388,339
Jan 14 2019 01: +0,1.406,295
Jan 15 2019 01: +0,1.395,269
Jan 16 2019 01: +0,1.426,192
Jan 17 2019 01: +0,1.436,207
Jan 18 2019 01: +0,1.415,327
Jan 19 2019 01: +0,1.479,458
Jan 20 2019 01: +0,1.481,319
Jan 21 2019 01: +0,1.434,337
Jan 22 2019 01: +0,1.522,284
Jan 23 2019 01: +0,1.509,212
Jan 24 2019 01: +0,1.455,224
Jan 25 2019 01: +0,1.494,318
Jan 26 2019 01: +0,1.591,535
Jan 27 2019 01: +0,1.587,448
Jan 28 2019 01: +0,1.481,199
Jan 29 2019 01: +0,1.533,194
Jan 30 2019 01: +0,1.59,243
Jan 31 2019 01: +0,1.589,311
Feb 01 2019 01: +0,1.559,303
Feb 02 2019 01: +0,1.57,312
Feb 03 2019 01: +0,1.578,431
Feb 04 2019 01: +0,1.573,339
Feb 05 2019 01: +0,1.512,312
Feb 06 2019 01: +0,1.531,192
Feb 07 2019 01: +0,1.509,233
Feb 08 2019 01: +0,1.471,341
Feb 09 2019 01: +0,1.544,339
Feb 10 2019 01: +0,1.425,253
Feb 11 2019 01: +0,1.392,253
Feb 12 2019 01: +0,1.455,214
Feb 13 2019 01: +0,1.421,228
Feb 14 2019 01: +0,1.507,215
Feb 15 2019 01: +0,1.513,246
Feb 16 2019 01: +0,1.549,278
Feb 17 2019 01: +0,1.547,268
Feb 18 2019 01: +0,1.557,209
Feb 19 2019 01: +0,1.561,205
Feb 20 2019 01: +0,1.467,190
Feb 21 2019 01: +0,1.494,246
Feb 22 2019 01: +0,1.593,237
Feb 23 2019 01: +0,1.595,352
Feb 24 2019 01: +0,1.604,248
Feb 25 2019 01: +0,1.58,209
Feb 26 2019 01: +0,1.63,543
Feb 27 2019 01: +0,1.643,298
Feb 28 2019 01: +0,1.662,235
Mar 01 2019 01: +0,1.667,477
Mar 02 2019 01: +0,1.597,294
Mar 03 2019 01: +0,1.58,294
Mar 04 2019 01: +0,1.54,371
Mar 05 2019 01: +0,1.557,228
Mar 06 2019 01: +0,1.588,283
Mar 07 2019 01: +0,1.532,184
Mar 08 2019 01: +0,1.526,364
Mar 09 2019 01: +0,1.569,296
Mar 10 2019 01: +0,1.561,365
Mar 11 2019 01: +0,1.511,296
Mar 12 2019 01: +0,1.554,319
Mar 13 2019 01: +0,1.575,272
Mar 14 2019 01: +0,1.538,304
Mar 15 2019 01: +0,1.477,283
Mar 16 2019 01: +0,1.507,318
Mar 17 2019 01: +0,1.498,346
Mar 18 2019 01: +0,1.468,209
Mar 19 2019 01: +0,1.497,431
Mar 20 2019 01: +0,1.537,233
Mar 21 2019 01: +0,1.47,246
Mar 22 2019 01: +0,1.51,310
Mar 23 2019 01: +0,1.412,418
Mar 24 2019 01: +0,1.399,255
Mar 25 2019 01: +0,1.393,247
Mar 26 2019 01: +0,1.436,272
Mar 27 2019 01: +0,1.434,271
Mar 28 2019 01: +0,1.427,474
Mar 29 2019 01: +0,1.505,412
Mar 30 2019 01: +0,1.554,472
Mar 31 2019 01: +0,1.569,399
Apr 01 2019 01: +0,1.455,239
Apr 02 2019 01: +0,1.502,251
Apr 03 2019 01: +0,1.455,247
Apr 04 2019 01: +0,1.522,353
Apr 05 2019 01: +0,1.475,291
Apr 06 2019 01: +0,1.505,312
Apr 07 2019 01: +0,1.496,349
Apr 08 2019 01: +0,1.474,339
Apr 09 2019 01: +0,1.583,276
Apr 10 2019 01: +0,1.485,241
Apr 11 2019 01: +0,1.518,295
Apr 12 2019 01: +0,1.538,330
Apr 13 2019 01: +0,1.519,297
Apr 14 2019 01: +0,1.579,431
Apr 15 2019 01: +0,1.564,279
Apr 16 2019 01: +0,1.502,193
Apr 17 2019 01: +0,1.514,232
Apr 18 2019 01: +0,1.532,319
Apr 19 2019 01: +0,1.572,332
Apr 20 2019 01: +0,1.521,233
Apr 21 2019 01: +0,1.476,219
Apr 22 2019 01: +0,1.504,296
Apr 23 2019 01: +0,1.494,238
Apr 24 2019 01: +0,1.511,208
Apr 25 2019 01: +0,1.536,246
Apr 26 2019 01: +0,1.487,232
Apr 27 2019 01: +0,1.506,285
Apr 28 2019 01: +0,1.566,339
Apr 29 2019 01: +0,1.504,212
Apr 30 2019 01: +0,1.55,299
May 01 2019 01: +0,1.555,337
May 02 2019 01: +0,1.611,386
May 03 2019 01: +0,1.579,308
May 04 2019 01: +0,1.559,408
May 05 2019 01: +0,1.605,258
May 06 2019 01: +0,1.637,257
May 07 2019 01: +0,1.607,225
May 08 2019 01: +0,1.571,239
May 09 2019 01: +0,1.533,330
May 10 2019 01: +0,1.597,374
May 11 2019 01: +0,1.595,421
May 12 2019 01: +0,1.573,290
May 13 2019 01: +0,1.608,211
May 14 2019 01: +0,1.582,205
May 15 2019 01: +0,1.622,225
May 16 2019 01: +0,1.644,232
May 17 2019 01: +0,1.622,268
May 18 2019 01: +0,1.632,362
May 19 2019 01: +0,1.683,373
May 20 2019 01: +0,1.659,283
May 21 2019 01: +0,1.661,236
May 22 2019 01: +0,1.656,324
May 23 2019 01: +0,1.668,277
May 24 2019 01: +0,1.695,294
May 25 2019 01: +0,1.706,375
May 26 2019 01: +0,1.738,559
May 27 2019 01: +0,1.763,363
May 28 2019 01: +0,1.882,331
May 29 2019 01: +0,2.038,426
May 30 2019 01: +0,2.036,412
May 31 2019 01: +0,2.304,368
Jun 01 2019 01: +0,2.121,239
Jun 02 2019 01: +0,2.248,316
Jun 03 2019 01: +0,2.047,236
Jun 04 2019 01: +0,2.205,328
Jun 05 2019 01: +0,2.184,246
Jun 06 2019 01: +0,2.082,294
Jun 07 2019 01: +0,1.938,262
Jun 08 2019 01: +0,2.038,242
Jun 09 2019 01: +0,2.055,299
Jun 10 2019 01: +0,2.116,324
Jun 11 2019 01: +0,2.033,177
Jun 12 2019 01: +0,1.988,179
Jun 13 2019 01: +0,1.932,238
Jun 14 2019 01: +0,2.039,257
Jun 15 2019 01: +0,1.969,234
Jun 16 2019 01: +0,1.996,247
Jun 17 2019 01: +0,1.901,204
Jun 18 2019 01: +0,2.005,269
Jun 19 2019 01: +0,2.041,340
Jun 20 2019 01: +0,2.083,307
Jun 21 2019 01: +0,2.052,234
Jun 22 2019 01: +0,1.978,285
Jun 23 2019 01: +0,2.047,287
Jun 24 2019 01: +0,2.025,253
Jun 25 2019 01: +0,1.952,201
Jun 26 2019 01: +0,1.825,308
Jun 27 2019 01: +0,1.806,247
Jun 28 2019 01: +0,1.872,290
Jun 29 2019 01: +0,1.889,288
Jun 30 2019 01: +0,1.902,350
Jul 01 2019 01: +0,1.923,238
Jul 02 2019 01: +0,1.976,358
Jul 03 2019 01: +0,1.976,273
Jul 04 2019 01: +0,1.979,396
Jul 05 2019 01: +0,2.019,242
Jul 06 2019 01: +0,2.056,211
Jul 07 2019 01: +0,1.995,312
Jul 08 2019 01: +0,2.07,297
Jul 09 2019 01: +0,2.102,266
Jul 10 2019 01: +0,2.126,321
Jul 11 2019 01: +0,2.222,360
Jul 12 2019 01: +0,2.309,457
Jul 13 2019 01: +0,2.319,209
Jul 14 2019 01: +0,2.265,230
Jul 15 2019 01: +0,2.239,264
Jul 16 2019 01: +0,2.183,213
Jul 17 2019 01: +0,2.333,226
Jul 18 2019 01: +0,2.261,250
Jul 19 2019 01: +0,2.252,225
Jul 20 2019 01: +0,2.236,249
Jul 21 2019 01: +0,2.186,251
Jul 22 2019 01: +0,2.192,290
Jul 23 2019 01: +0,2.148,203
Jul 24 2019 01: +0,2.125,245
Jul 25 2019 01: +0,2.13,233
Jul 26 2019 01: +0,2.103,272
Jul 27 2019 01: +0,2.117,330
Jul 28 2019 01: +0,2.204,315
Jul 29 2019 01: +0,2.178,281
Jul 30 2019 01: +0,2.068,264
Jul 31 2019 01: +0,2.198,288
Aug 01 2019 01: +0,2.223,324
Aug 02 2019 01: +0,2.34,273
Aug 03 2019 01: +0,2.18,233
Aug 04 2019 01: +0,2.211,254
Aug 05 2019 01: +0,2.232,240
Aug 06 2019 01: +0,2.227,258
Aug 07 2019 01: +0,2.256,323
Aug 08 2019 01: +0,2.325,369
Aug 09 2019 01: +0,2.243,236
Aug 10 2019 01: +0,2.253,239
Aug 11 2019 01: +0,2.245,421
Aug 12 2019 01: +0,2.283,228
Aug 13 2019 01: +0,2.18,257
Aug 14 2019 01: +0,2.162,260
Aug 15 2019 01: +0,2.097,297
Aug 16 2019 01: +0,2.092,225
Aug 17 2019 01: +0,2.123,267
Aug 18 2019 01: +0,2.164,274
Aug 19 2019 01: +0,2.116,237
Aug 20 2019 01: +0,2.091,194
Aug 21 2019 01: +0,2.22,325
Aug 22 2019 01: +0,2.207,165
Aug 23 2019 01: +0,2.213,246
Aug 24 2019 01: +0,2.163,236
Aug 25 2019 01: +0,2.171,290
Aug 26 2019 01: +0,2.118,218
Aug 27 2019 01: +0,2.116,233
Aug 28 2019 01: +0,2.146,232
Aug 29 2019 01: +0,2.094,303
Aug 30 2019 01: +0,2.151,256
Aug 31 2019 01: +0,2.21,281
Sep 01 2019 01: +0,2.202,380
Sep 02 2019 01: +0,2.254,213
Sep 03 2019 01: +0,2.151,217
Sep 04 2019 01: +0,2.175,327
Sep 05 2019 01: +0,2.265,406
Sep 06 2019 01: +0,2.329,411
Sep 07 2019 01: +0,2.327,487
Sep 08 2019 01: +0,2.197,343
Sep 09 2019 01: +0,2.269,310
Sep 10 2019 01: +0,2.179,205
Sep 11 2019 01: +0,2.167,333
Sep 12 2019 01: +0,2.09,271
Sep 13 2019 01: +0,2.262,265
Sep 14 2019 01: +0,2.234,290
Sep 15 2019 01: +0,2.189,341
Sep 16 2019 01: +0,2.266,259
Sep 17 2019 01: +0,2.169,213
Sep 18 2019 01: +0,2.255,166
Sep 19 2019 01: +0,2.265,231
Sep 20 2019 01: +0,2.307,261
Sep 21 2019 01: +0,2.222,242
Sep 22 2019 01: +0,2.21,287
Sep 23 2019 01: +0,2.273,266
Sep 24 2019 01: +0,2.162,230
Sep 25 2019 01: +0,2.258,221
Sep 26 2019 01: +0,2.291,241
Sep 27 2019 01: +0,2.302,375
Sep 28 2019 01: +0,2.23,354
Sep 29 2019 01: +0,2.284,257
Sep 30 2019 01: +0,2.235,241
Oct 01 2019 01: +0,2.154,174
Oct 02 2019 01: +0,2.168,343
Oct 03 2019 01: +0,2.243,256
Oct 04 2019 01: +0,2.23,351
Oct 05 2019 01: +0,2.261,339
Oct 06 2019 01: +0,2.185,364
Oct 07 2019 01: +0,2.139,284
Oct 08 2019 01: +0,2.117,244
Oct 09 2019 01: +0,2.148,328
Oct 10 2019 01: +0,2.124,203
Oct 11 2019 01: +0,2.177,316
Oct 12 2019 01: +0,2.195,309
Oct 13 2019 01: +0,2.206,314
Oct 14 2019 01: +0,2.195,264
Oct 15 2019 01: +0,2.19,240
Oct 16 2019 01: +0,2.203,334
Oct 17 2019 01: +0,2.184,293
Oct 18 2019 01: +0,2.2,330
Oct 19 2019 01: +0,2.125,308
Oct 20 2019 01: +0,2.041,505
Oct 21 2019 01: +0,2.089,234
Oct 22 2019 01: +0,1.961,179
Oct 23 2019 01: +0,1.909,211
Oct 24 2019 01: +0,2.009,311
Oct 25 2019 01: +0,2.058,276
Oct 26 2019 01: +0,1.96,485
Oct 27 2019 01: +0,1.816,202
Oct 28 2019 01: +0,1.805,237
Oct 29 2019 01: +0,2.019,328
Oct 30 2019 01: +0,1.954,298
Oct 31 2019 01: +0,1.944,231
Nov 01 2019 01: +0,1.959,224
Nov 02 2019 01: +0,2.056,256
Nov 03 2019 01: +0,2.041,304
Nov 04 2019 01: +0,2.062,351
Nov 05 2019 01: +0,2.089,290
Nov 06 2019 01: +0,2.022,176
Nov 07 2019 01: +0,1.983,248
Nov 08 2019 01: +0,1.965,205
Nov 09 2019 01: +0,1.947,259
Nov 10 2019 01: +0,1.866,240
Nov 11 2019 01: +0,2.005,390
Nov 12 2019 01: +0,1.877,197
Nov 13 2019 01: +0,1.916,282
Nov 14 2019 01: +0,1.96,179
Nov 15 2019 01: +0,1.865,235
Nov 16 2019 01: +0,1.986,317
Nov 17 2019 01: +0,1.886,214
Nov 18 2019 01: +0,1.869,191
Nov 19 2019 01: +0,1.578,434
Nov 20 2019 01: +0,1.522,337
Nov 21 2019 01: +0,1.604,171
Nov 22 2019 01: +0,1.613,182
Nov 23 2019 01: +0,1.533,319
Nov 24 2019 01: +0,1.604,329
Nov 25 2019 01: +0,1.612,209
Nov 26 2019 01: +0,1.666,241
Nov 27 2019 01: +0,1.684,220
Nov 28 2019 01: +0,1.737,224
Nov 29 2019 01: +0,1.75,331
Nov 30 2019 01: +0,1.753,309
Dec 01 2019 01: +0,1.766,332
Dec 02 2019 01: +0,1.838,304
Dec 03 2019 01: +0,1.807,253
Dec 04 2019 01: +0,1.861,309
Dec 05 2019 01: +0,1.857,256
Dec 06 2019 01: +0,1.895,246
Dec 07 2019 01: +0,1.982,300
Dec 08 2019 01: +0,1.799,267
Dec 09 2019 01: +0,1.786,219
Dec 10 2019 01: +0,1.778,223
Dec 11 2019 01: +0,1.788,250
Dec 12 2019 01: +0,1.961,338
Dec 13 2019 01: +0,1.972,329
Dec 14 2019 01: +0,1.9,298
Dec 15 2019 01: +0,1.894,272
Dec 16 2019 01: +0,2.037,313
Dec 17 2019 01: +0,1.966,216
Dec 18 2019 01: +0,1.839,249
Dec 19 2019 01: +0,1.89,376
Dec 20 2019 01: +0,2.043,478
Dec 21 2019 01: +0,2.106,361
Dec 22 2019 01: +0,2.06,271
Dec 23 2019 01: +0,2.138,335
Dec 24 2019 01: +0,2.149,303
Dec 25 2019 01: +0,2.203,349
Dec 26 2019 01: +0,2.176,412
Dec 27 2019 01: +0,2.097,349
Dec 28 2019 01: +0,2.09,249
Dec 29 2019 01: +0,1.991,275
Dec 30 2019 01: +0,2.008,324
Dec 31 2019 01: +0,2.082,378
Jan 01 2020 01: +0,2.142,270
Jan 02 2020 01: +0,2.137,385
Jan 03 2020 01: +0,2.121,307
Jan 04 2020 01: +0,2.132,314
Jan 05 2020 01: +0,2.159,362
Jan 06 2020 01: +0,2.131,265
Jan 07 2020 01: +0,2.192,284
Jan 08 2020 01: +0,2.16,242
Jan 09 2020 01: +0,2.118,243
Jan 10 2020 01: +0,2.206,433
Jan 11 2020 01: +0,2.191,288
Jan 12 2020 01: +0,2.185,406
Jan 13 2020 01: +0,2.134,231
Jan 14 2020 01: +0,2.149,304
Jan 15 2020 01: +0,2.227,382
Jan 16 2020 01: +0,2.272,357
Jan 17 2020 01: +0,2.241,253
Jan 18 2020 01: +0,2.252,321
Jan 19 2020 01: +0,2.222,512
Jan 20 2020 01: +0,2.193,296
Jan 21 2020 01: +0,2.21,250
Jan 22 2020 01: +0,2.265,254
Jan 23 2020 01: +0,2.18,227
Jan 24 2020 01: +0,2.185,301
Jan 25 2020 01: +0,2.275,308
Jan 26 2020 01: +0,2.214,321
Jan 27 2020 01: +0,2.306,500
Jan 28 2020 01: +0,2.304,376
Jan 29 2020 01: +0,2.287,366
Jan 30 2020 01: +0,2.219,299
Jan 31 2020 01: +0,2.265,353
Feb 01 2020 01: +0,2.325,428
Feb 02 2020 01: +0,2.256,443
Feb 03 2020 01: +0,2.231,259
Feb 04 2020 01: +0,2.297,387
Feb 05 2020 01: +0,2.264,392
Feb 06 2020 01: +0,2.306,377
Feb 07 2020 01: +0,2.242,329
Feb 08 2020 01: +0,2.269,371
Feb 09 2020 01: +0,2.244,391
Feb 10 2020 01: +0,2.158,311
Feb 11 2020 01: +0,2.281,324
Feb 12 2020 01: +0,2.215,286
Feb 13 2020 01: +0,2.224,269
Feb 14 2020 01: +0,2.291,337
Feb 15 2020 01: +0,2.288,359
Feb 16 2020 01: +0,2.199,301
Feb 17 2020 01: +0,2.271,294
Feb 18 2020 01: +0,2.206,239
Feb 19 2020 01: +0,2.283,274
Feb 20 2020 01: +0,2.245,304
Feb 21 2020 01: +0,2.246,272
Feb 22 2020 01: +0,2.288,329
Feb 23 2020 01: +0,2.201,293
Feb 24 2020 01: +0,2.256,341
Feb 25 2020 01: +0,2.202,290
Feb 26 2020 01: +0,2.226,269
Feb 27 2020 01: +0,2.19,294
Feb 28 2020 01: +0,2.33,406
Feb 29 2020 01: +0,2.315,391
Mar 01 2020 01: +0,2.278,357
Mar 02 2020 01: +0,2.285,418
Mar 03 2020 01: +0,2.401,515
Mar 04 2020 01: +0,2.426,357
Mar 05 2020 01: +0,2.447,421
Mar 06 2020 01: +0,2.464,483
Mar 07 2020 01: +0,2.497,407
Mar 08 2020 01: +0,2.345,339
Mar 09 2020 01: +0,2.367,453
Mar 10 2020 01: +0,2.312,309
Mar 11 2020 01: +0,2.311,323
Mar 12 2020 01: +0,2.248,292
Mar 13 2020 01: +0,2.267,327
Mar 14 2020 01: +0,2.22,378
Mar 15 2020 01: +0,2.236,365
Mar 16 2020 01: +0,2.289,431
Mar 17 2020 01: +0,2.176,391
Mar 18 2020 01: +0,2.271,305
Mar 19 2020 01: +0,2.216,371
Mar 20 2020 01: +0,2.239,400
Mar 21 2020 01: +0,2.201,463
Mar 22 2020 01: +0,2.158,327
Mar 23 2020 01: +0,2.047,343
Mar 24 2020 01: +0,2.148,379
Mar 25 2020 01: +0,2.225,375
Mar 26 2020 01: +0,2.307,460
Mar 27 2020 01: +0,2.373,464
Mar 28 2020 01: +0,2.448,509
Mar 29 2020 01: +0,2.335,413
Mar 30 2020 01: +0,2.226,382
Mar 31 2020 01: +0,2.28,460
Apr 01 2020 01: +0,2.179,413
Apr 02 2020 01: +0,2.09,492
Apr 03 2020 01: +0,2.102,516
Apr 04 2020 01: +0,2.199,512
Apr 05 2020 01: +0,2.13,368
Apr 06 2020 01: +0,2.083,396
Apr 07 2020 01: +0,2.046,355
Apr 08 2020 01: +0,2.078,335
Apr 09 2020 01: +0,2.087,450
Apr 10 2020 01: +0,2.068,543
Apr 11 2020 01: +0,2.165,480
Apr 12 2020 01: +0,2.095,451
Apr 13 2020 01: +0,2.097,372
Apr 14 2020 01: +0,2.078,423
Apr 15 2020 01: +0,2.159,419
Apr 16 2020 01: +0,2.106,445
Apr 17 2020 01: +0,2.055,511
Apr 18 2020 01: +0,2.106,544
Apr 19 2020 01: +0,2.099,434
Apr 20 2020 01: +0,2.123,447
Apr 21 2020 01: +0,2.074,371
Apr 22 2020 01: +0,2.023,453
Apr 23 2020 01: +0,1.984,431
Apr 24 2020 01: +0,2.125,462
Apr 25 2020 01: +0,2.095,530
Apr 26 2020 01: +0,2.167,566
Apr 27 2020 01: +0,2.162,465
Apr 28 2020 01: +0,2.139,476
Apr 29 2020 01: +0,2.153,451
Apr 30 2020 01: +0,2.191,633
May 01 2020 01: +0,2.166,590
May 02 2020 01: +0,2.22,617
May 03 2020 01: +0,2.259,546
May 04 2020 01: +0,2.204,596
May 05 2020 01: +0,2.311,423
May 06 2020 01: +0,2.36,508
May 07 2020 01: +0,2.355,498
May 08 2020 01: +0,2.392,684
May 09 2020 01: +0,2.42,510
May 10 2020 01: +0,2.477,590
May 11 2020 01: +0,2.377,484
May 12 2020 01: +0,2.452,716
May 13 2020 01: +0,2.529,606
May 14 2020 01: +0,2.672,626
May 15 2020 01: +0,3.236,899
May 16 2020 01: +0,3.096,426
May 17 2020 01: +0,2.951,480
May 18 2020 01: +0,2.967,520
May 19 2020 01: +0,2.971,319
May 20 2020 01: +0,2.973,447
May 21 2020 01: +0,2.841,360
May 22 2020 01: +0,2.815,451
May 23 2020 01: +0,2.934,494
May 24 2020 01: +0,2.9,398
May 25 2020 01: +0,2.745,431
May 26 2020 01: +0,2.756,390
May 27 2020 01: +0,2.919,359
May 28 2020 01: +0,2.925,389
May 29 2020 01: +0,3.075,476
May 30 2020 01: +0,2.922,355
May 31 2020 01: +0,3.017,328
Jun 01 2020 01: +0,2.967,420
Jun 02 2020 01: +0,2.941,356
Jun 03 2020 01: +0,3.045,338
Jun 04 2020 01: +0,2.961,281
Jun 05 2020 01: +0,3.167,499
Jun 06 2020 01: +0,3.183,383
Jun 07 2020 01: +0,3.234,462
Jun 08 2020 01: +0,3.239,535
Jun 09 2020 01: +0,3.521,673
Jun 10 2020 01: +0,3.545,283
Jun 11 2020 01: +0,3.371,257
Jun 12 2020 01: +0,3.745,902
Jun 13 2020 01: +0,3.693,268
Jun 14 2020 01: +0,3.383,281
Jun 15 2020 01: +0,3.243,282
Jun 16 2020 01: +0,3.178,352
Jun 17 2020 01: +0,3.204,252
Jun 18 2020 01: +0,3.281,292
Jun 19 2020 01: +0,3.393,462
Jun 20 2020 01: +0,3.518,303
Jun 21 2020 01: +0,3.328,239
Jun 22 2020 01: +0,3.218,254
Jun 23 2020 01: +0,3.206,239
Jun 24 2020 01: +0,3.246,250
Jun 25 2020 01: +0,2.962,319
Jun 26 2020 01: +0,2.989,317
Jun 27 2020 01: +0,2.961,307
Jun 28 2020 01: +0,2.855,281
Jun 29 2020 01: +0,2.879,352
Jun 30 2020 01: +0,2.826,272
Jul 01 2020 01: +0,3.013,446
Jul 02 2020 01: +0,3.001,323
Jul 03 2020 01: +0,2.836,268
Jul 04 2020 01: +0,2.801,303
Jul 05 2020 01: +0,2.81,326
Jul 06 2020 01: +0,2.821,217
Jul 07 2020 01: +0,2.794,284
Jul 08 2020 01: +0,2.954,313
Jul 09 2020 01: +0,3.072,404
Jul 10 2020 01: +0,2.968,293
Jul 11 2020 01: +0,3.004,327
Jul 12 2020 01: +0,3.004,209
Jul 13 2020 01: +0,3.051,404
Jul 14 2020 01: +0,3.101,232
Jul 15 2020 01: +0,3.031,229
Jul 16 2020 01: +0,3.145,340
Jul 17 2020 01: +0,3.191,229
Jul 18 2020 01: +0,3.108,254
Jul 19 2020 01: +0,3.026,302
Jul 20 2020 01: +0,3.057,321
Jul 21 2020 01: +0,3.125,441
Jul 22 2020 01: +0,3.028,248
Jul 23 2020 01: +0,3.0,319
Jul 24 2020 01: +0,2.94,343
Jul 25 2020 01: +0,3.063,488
Jul 26 2020 01: +0,3.264,537
Jul 27 2020 01: +0,3.227,299
Jul 28 2020 01: +0,3.104,300
Jul 29 2020 01: +0,3.033,511
Jul 30 2020 01: +0,3.111,224
Jul 31 2020 01: +0,3.19,303
Aug 01 2020 01: +0,3.225,247
Aug 02 2020 01: +0,3.114,211
Aug 03 2020 01: +0,3.071,320
Aug 04 2020 01: +0,3.046,264
Aug 05 2020 01: +0,2.957,360
Aug 06 2020 01: +0,3.353,458
Aug 07 2020 01: +0,3.104,340
Aug 08 2020 01: +0,2.942,249
Aug 09 2020 01: +0,2.761,267
Aug 10 2020 01: +0,2.752,276
Aug 11 2020 01: +0,2.795,266
Aug 12 2020 01: +0,2.878,237
Aug 13 2020 01: +0,2.946,339
Aug 14 2020 01: +0,2.847,244
Aug 15 2020 01: +0,2.812,275
Aug 16 2020 01: +0,2.805,243
Aug 17 2020 01: +0,2.834,341
