Steam_scrapper/Database_of_items_price/Winter Offensive Weapon Case.csv
Date,Price,Quantity Sold
Aug 18 2020 01: +0,2.67,218
Aug 19 2020 01: +0,2.58,499
Aug 20 2020 01: +0,2.647,184
Aug 21 2020 01: +0,2.604,239
Aug 22 2020 01: +0,2.616,260
Aug 23 2020 01: +0,2.586,296
Aug 24 2020 01: +0,2.537,234
Aug 25 2020 01: +0,2.437,229
Aug 26 2020 01: +0,2.541,294
Aug 27 2020 01: +0,2.538,228
Aug 28 2020 01: +0,2.545,209
Aug 29 2020 01: +0,2.44,232
Aug 30 2020 01: +0,2.413,294
Aug 31 2020 01: +0,2.555,298
Sep 01 2020 01: +0,2.488,189
Sep 02 2020 01: +0,2.508,222
Sep 03 2020 01: +0,2.491,251
Sep 04 2020 01: +0,2.499,273
Sep 05 2020 01: +0,2.657,329
Sep 06 2020 01: +0,2.478,219
Sep 07 2020 01: +0,2.458,206
Sep 08 2020 01: +0,2.356,225
Sep 09 2020 01: +0,2.393,321
Sep 10 2020 01: +0,2.434,237
Sep 11 2020 01: +0,2.481,289
Sep 12 2020 01: +0,2.584,326
Sep 13 2020 01: +0,2.575,316
Sep 14 2020 01: +0,2.578,238
Sep 15 2020 01: +0,2.523,278
Sep 16 2020 01: +0,2.499,251
Sep 17 2020 01: +0,2.492,240
Sep 18 2020 01: +0,2.639,327
Sep 19 2020 01: +0,2.73,330
Sep 20 2020 01: +0,2.653,325
Sep 21 2020 01: +0,2.661,343
Sep 22 2020 01: +0,2.665,246
Sep 23 2020 01: +0,2.647,217
Sep 24 2020 01: +0,2.678,251
Sep 25 2020 01: +0,2.62,292
Sep 26 2020 01: +0,2.755,414
Sep 27 2020 01: +0,2.744,323
Sep 28 2020 01: +0,2.731,277
Sep 29 2020 01: +0,2.653,269
Sep 30 2020 01: +0,2.802,267
Oct 01 2020 01: +0,2.787,258
Oct 02 2020 01: +0,2.867,329
Oct 03 2020 01: +0,2.636,309
Oct 04 2020 01: +0,2.799,365
Oct 05 2020 01: +0,2.728,238
Oct 06 2020 01: +0,2.774,324
Oct 07 2020 01: +0,2.866,314
Oct 08 2020 01: +0,2.814,360
Oct 09 2020 01: +0,2.875,233
Oct 10 2020 01: +0,2.922,302
Oct 11 2020 01: +0,2.793,255
Oct 12 2020 01: +0,2.716,288
Oct 13 2020 01: +0,2.768,271
Oct 14 2020 01: +0,2.74,230
Oct 15 2020 01: +0,2.778,295
Oct 16 2020 01: +0,2.744,262
Oct 17 2020 01: +0,2.802,329
Oct 18 2020 01: +0,2.801,287
Oct 19 2020 01: +0,2.857,443
Oct 20 2020 01: +0,2.843,343
Oct 21 2020 01: +0,2.783,368
Oct 22 2020 01: +0,2.868,286
Oct 23 2020 01: +0,2.932,531
Oct 24 2020 01: +0,2.917,318
Oct 25 2020 01: +0,2.826,267
Oct 26 2020 01: +0,2.907,350
Oct 27 2020 01: +0,2.95,426
Oct 28 2020 01: +0,2.892,226
Oct 29 2020 01: +0,2.879,320
Oct 30 2020 01: +0,2.958,343
Oct 31 2020 01: +0,2.855,334
Nov 01 2020 01: +0,2.821,343
Nov 02 2020 01: +0,2.865,243
Nov 03 2020 01: +0,2.91,327
Nov 04 2020 01: +0,2.853,252
Nov 05 2020 01: +0,2.902,283
Nov 06 2020 01: +0,3.015,426
Nov 07 2020 01: +0,2.889,232
Nov 08 2020 01: +0,2.854,403
Nov 09 2020 01: +0,2.869,267
Nov 10 2020 01: +0,2.839,277
Nov 11 2020 01: +0,2.904,316
Nov 12 2020 01: +0,2.98,318
Nov 13 2020 01: +0,2.806,309
Nov 14 2020 01: +0,2.9,268
Nov 15 2020 01: +0,2.855,257
Nov 16 2020 01: +0,2.829,341
Nov 17 2020 01: +0,2.773,330
Nov 18 2020 01: +0,2.987,329
Nov 19 2020 01: +0,3.033,347
Nov 20 2020 01: +0,3.06,413
Nov 21 2020 01: +0,3.09,330
Nov 22 2020 01: +0,3.181,371
Nov 23 2020 01: +0,3.04,278
Nov 24 2020 01: +0,2.926,271
Nov 25 2020 01: +0,3.068,299
Nov 26 2020 01: +0,2.947,333
Nov 27 2020 01: +0,3.15,393
Nov 28 2020 01: +0,2.956,267
Nov 29 2020 01: +0,2.91,399
Nov 30 2020 01: +0,2.917,273
Dec 01 2020 01: +0,2.883,311
Dec 02 2020 01: +0,3.023,311
Dec 03 2020 01: +0,3.091,707
Dec 04 2020 01: +0,2.48,418
Dec 05 2020 01: +0,2.445,352
Dec 06 2020 01: +0,2.432,204
Dec 07 2020 01: +0,2.363,297
Dec 08 2020 01: +0,2.261,254
Dec 09 2020 01: +0,2.358,356
Dec 10 2020 01: +0,2.309,259
Dec 11 2020 01: +0,2.347,321
Dec 12 2020 01: +0,2.446,291
Dec 13 2020 01: +0,2.469,211
Dec 14 2020 01: +0,2.499,313
Dec 15 2020 01: +0,2.52,302
Dec 16 2020 01: +0,2.576,245
Dec 17 2020 01: +0,2.557,303
Dec 18 2020 01: +0,2.653,283
Dec 19 2020 01: +0,2.652,390
Dec 20 2020 01: +0,2.686,256
Dec 21 2020 01: +0,2.642,302
Dec 22 2020 01: +0,2.588,292
Dec 23 2020 01: +0,2.479,423
Dec 24 2020 01: +0,2.75,545
Dec 25 2020 01: +0,2.784,404
Dec 26 2020 01: +0,2.91,467
Dec 27 2020 01: +0,2.728,352
Dec 28 2020 01: +0,2.844,399
Dec 29 2020 01: +0,2.742,322
Dec 30 2020 01: +0,2.983,425
Dec 31 2020 01: +0,3.037,365
Jan 01 2021 01: +0,3.043,393
Jan 02 2021 01: +0,3.032,355
Jan 03 2021 01: +0,2.887,352
Jan 04 2021 01: +0,3.077,404
Jan 05 2021 01: +0,3.01,337
Jan 06 2021 01: +0,3.065,264
Jan 07 2021 01: +0,3.115,342
Jan 08 2021 01: +0,3.19,610
Jan 09 2021 01: +0,3.372,443
Jan 10 2021 01: +0,3.283,333
Jan 11 2021 01: +0,3.298,257
Jan 12 2021 01: +0,3.143,253
Jan 13 2021 01: +0,3.245,438
Jan 14 2021 01: +0,3.116,324
Jan 15 2021 01: +0,3.245,500
Jan 16 2021 01: +0,3.28,440
Jan 17 2021 01: +0,3.245,355
Jan 18 2021 01: +0,3.288,371
Jan 19 2021 01: +0,3.375,349
Jan 20 2021 01: +0,3.394,332
Jan 21 2021 01: +0,3.318,348
Jan 22 2021 01: +0,3.374,404
Jan 23 2021 01: +0,3.511,460
Jan 24 2021 01: +0,3.481,377
Jan 25 2021 01: +0,3.46,311
Jan 26 2021 01: +0,3.334,283
Jan 27 2021 01: +0,3.449,394
Jan 28 2021 01: +0,3.276,440
Jan 29 2021 01: +0,3.394,403
Jan 30 2021 01: +0,3.528,418
Jan 31 2021 01: +0,3.554,520
Feb 01 2021 01: +0,3.627,403
Feb 02 2021 01: +0,3.767,492
Feb 03 2021 01: +0,3.732,708
Feb 04 2021 01: +0,3.887,356
Feb 05 2021 01: +0,3.891,408
Feb 06 2021 01: +0,4.352,697
Feb 07 2021 01: +0,4.257,392
Feb 08 2021 01: +0,4.006,282
Feb 09 2021 01: +0,3.994,282
Feb 10 2021 01: +0,3.776,303
Feb 11 2021 01: +0,3.784,285
Feb 12 2021 01: +0,3.657,342
Feb 13 2021 01: +0,3.486,399
Feb 14 2021 01: +0,3.462,391
Feb 15 2021 01: +0,3.495,374
Feb 16 2021 01: +0,3.767,457
Feb 17 2021 01: +0,3.687,352
Feb 18 2021 01: +0,3.908,403
Feb 19 2021 01: +0,3.979,361
Feb 20 2021 01: +0,3.955,373
Feb 21 2021 01: +0,4.033,389
Feb 22 2021 01: +0,3.901,276
Feb 23 2021 01: +0,3.806,396
Feb 24 2021 01: +0,3.936,311
Feb 25 2021 01: +0,3.834,662
Feb 26 2021 01: +0,3.993,339
Feb 27 2021 01: +0,3.987,339
Feb 28 2021 01: +0,3.965,408
Mar 01 2021 01: +0,3.998,455
Mar 02 2021 01: +0,4.125,332
Mar 03 2021 01: +0,4.087,404
Mar 04 2021 01: +0,4.178,348
Mar 05 2021 01: +0,4.168,380
Mar 06 2021 01: +0,4.2,391
Mar 07 2021 01: +0,4.125,300
Mar 08 2021 01: +0,3.984,341
Mar 09 2021 01: +0,4.01,334
Mar 10 2021 01: +0,3.882,297
Mar 11 2021 01: +0,3.91,319
Mar 12 2021 01: +0,4.028,449
Mar 13 2021 01: +0,4.138,492
Mar 14 2021 01: +0,3.984,354
Mar 15 2021 01: +0,3.864,248
Mar 16 2021 01: +0,3.99,327
Mar 17 2021 01: +0,3.885,320
Mar 18 2021 01: +0,3.977,349
Mar 19 2021 01: +0,3.858,352
Mar 20 2021 01: +0,3.994,430
Mar 21 2021 01: +0,3.866,334
Mar 22 2021 01: +0,3.97,501
Mar 23 2021 01: +0,3.937,331
Mar 24 2021 01: +0,3.986,327
Mar 25 2021 01: +0,4.075,326
Mar 26 2021 01: +0,4.106,415
Mar 27 2021 01: +0,4.194,452
Mar 28 2021 01: +0,4.185,537
Mar 29 2021 01: +0,4.033,297
Mar 30 2021 01: +0,4.116,309
Mar 31 2021 01: +0,4.127,407
Apr 01 2021 01: +0,4.054,393
Apr 02 2021 01: +0,4.11,460
Apr 03 2021 01: +0,4.245,427
Apr 04 2021 01: +0,4.218,318
Apr 05 2021 01: +0,4.166,366
Apr 06 2021 01: +0,4.188,341
Apr 07 2021 01: +0,3.87,246
Apr 08 2021 01: +0,3.818,380
Apr 09 2021 01: +0,3.913,437
Apr 10 2021 01: +0,3.871,405
Apr 11 2021 01: +0,3.852,373
Apr 12 2021 01: +0,3.623,318
Apr 13 2021 01: +0,3.856,431
Apr 14 2021 01: +0,3.966,117
Apr 15 2021 01: +0,4.017,503
Apr 16 2021 01: +0,3.987,312
Apr 17 2021 01: +0,3.786,388
Apr 18 2021 01: +0,3.946,403
Apr 19 2021 01: +0,3.878,291
Apr 20 2021 01: +0,3.812,256
Apr 21 2021 01: +0,3.753,287
Apr 22 2021 01: +0,3.978,355
Apr 23 2021 01: +0,3.997,350
Apr 24 2021 01: +0,3.711,330
Apr 25 2021 01: +0,3.881,297
Apr 26 2021 01: +0,3.753,314
Apr 27 2021 01: +0,3.786,396
Apr 28 2021 01: +0,3.807,259
Apr 29 2021 01: +0,3.879,328
Apr 30 2021 01: +0,3.85,362
May 01 2021 01: +0,3.897,321
May 02 2021 01: +0,3.823,298
May 03 2021 01: +0,3.642,242
May 04 2021 01: +0,3.708,575
May 05 2021 01: +0,3.832,311
May 06 2021 01: +0,3.663,231
May 07 2021 01: +0,3.723,330
May 08 2021 01: +0,3.9,398
May 09 2021 01: +0,3.887,356
May 10 2021 01: +0,3.647,289
May 11 2021 01: +0,3.903,304
May 12 2021 01: +0,3.762,318
May 13 2021 01: +0,4.088,381
May 14 2021 01: +0,4.043,366
May 15 2021 01: +0,4.297,751
May 16 2021 01: +0,4.126,322
May 17 2021 01: +0,4.006,336
May 18 2021 01: +0,4.292,421
May 19 2021 01: +0,4.11,288
May 20 2021 01: +0,4.17,569
May 21 2021 01: +0,4.165,356
May 22 2021 01: +0,4.578,397
May 23 2021 01: +0,4.474,328
May 24 2021 01: +0,4.53,268
May 25 2021 01: +0,4.418,355
May 26 2021 01: +0,4.575,352
May 27 2021 01: +0,4.678,565
May 28 2021 01: +0,4.75,437
May 29 2021 01: +0,4.73,377
May 30 2021 01: +0,4.605,402
May 31 2021 01: +0,5.063,732
Jun 01 2021 01: +0,5.052,251
Jun 02 2021 01: +0,5.303,412
Jun 03 2021 01: +0,5.668,311
Jun 04 2021 01: +0,6.434,803
Jun 05 2021 01: +0,7.084,386
Jun 06 2021 01: +0,6.364,307
Jun 07 2021 01: +0,5.799,300
Jun 08 2021 01: +0,5.898,379
Jun 09 2021 01: +0,5.889,277
Jun 10 2021 01: +0,5.68,232
Jun 11 2021 01: +0,5.713,225
Jun 12 2021 01: +0,5.624,274
Jun 13 2021 01: +0,5.391,326
Jun 14 2021 01: +0,5.294,254
Jun 15 2021 01: +0,5.308,292
Jun 16 2021 01: +0,5.221,233
Jun 17 2021 01: +0,4.954,187
Jun 18 2021 01: +0,4.919,215
Jun 19 2021 01: +0,4.533,244
Jun 20 2021 01: +0,4.68,255
Jun 21 2021 01: +0,4.896,258
Jun 22 2021 01: +0,4.808,197
Jun 23 2021 01: +0,4.777,249
Jun 24 2021 01: +0,4.413,385
Jun 25 2021 01: +0,4.173,424
Jun 26 2021 01: +0,4.311,590
Jun 27 2021 01: +0,4.346,268
Jun 28 2021 01: +0,4.341,287
Jun 29 2021 01: +0,4.256,285
Jun 30 2021 01: +0,4.417,331
Jul 01 2021 01: +0,4.375,278
Jul 02 2021 01: +0,4.577,385
Jul 03 2021 01: +0,4.456,248
Jul 04 2021 01: +0,4.674,337
Jul 05 2021 01: +0,4.494,308
Jul 06 2021 01: +0,4.45,240
Jul 07 2021 01: +0,4.407,254
Jul 08 2021 01: +0,4.354,219
Jul 09 2021 01: +0,4.508,301
Jul 10 2021 01: +0,4.545,215
Jul 11 2021 01: +0,4.494,230
Jul 12 2021 01: +0,4.2,259
Jul 13 2021 01: +0,4.291,280
Jul 14 2021 01: +0,4.444,279
Jul 15 2021 01: +0,4.185,201
Jul 16 2021 01: +0,4.164,236
Jul 17 2021 01: +0,4.313,231
Jul 18 2021 01: +0,4.43,228
Jul 19 2021 01: +0,4.309,229
Jul 20 2021 01: +0,4.262,204
Jul 21 2021 01: +0,4.204,203
Jul 22 2021 01: +0,4.168,226
Jul 23 2021 01: +0,4.236,258
Jul 24 2021 01: +0,4.275,244
Jul 25 2021 01: +0,4.137,210
Jul 26 2021 01: +0,4.084,175
Jul 27 2021 01: +0,4.06,165
Jul 28 2021 01: +0,4.25,223
Jul 29 2021 01: +0,4.189,259
Jul 30 2021 01: +0,4.143,243
Jul 31 2021 01: +0,4.104,249
Aug 01 2021 01: +0,4.105,211
Aug 02 2021 01: +0,4.173,199
Aug 03 2021 01: +0,4.23,272
Aug 04 2021 01: +0,4.286,220
Aug 05 2021 01: +0,4.181,229
Aug 06 2021 01: +0,4.328,260
Aug 07 2021 01: +0,4.305,348
Aug 08 2021 01: +0,4.232,257
Aug 09 2021 01: +0,4.358,301
Aug 10 2021 01: +0,4.346,305
Aug 11 2021 01: +0,4.338,430
Aug 12 2021 01: +0,4.491,304
Aug 13 2021 01: +0,4.306,215
Aug 14 2021 01: +0,4.434,279
Aug 15 2021 01: +0,4.506,356
Aug 16 2021 01: +0,4.393,260
Aug 17 2021 01: +0,4.449,296
Aug 18 2021 01: +0,4.465,223
Aug 19 2021 01: +0,4.629,371
Aug 20 2021 01: +0,4.535,264
Aug 21 2021 01: +0,4.612,268
Aug 22 2021 01: +0,4.708,346
Aug 23 2021 01: +0,4.476,216
Aug 24 2021 01: +0,4.296,235
Aug 25 2021 01: +0,4.479,232
Aug 26 2021 01: +0,4.416,315
Aug 27 2021 01: +0,4.489,179
Aug 28 2021 01: +0,4.511,303
Aug 29 2021 01: +0,4.388,225
Aug 30 2021 01: +0,4.266,257
Aug 31 2021 01: +0,4.207,207
Sep 01 2021 01: +0,4.269,217
Sep 02 2021 01: +0,4.522,334
Sep 03 2021 01: +0,4.795,362
Sep 04 2021 01: +0,4.682,276
Sep 05 2021 01: +0,4.549,276
Sep 06 2021 01: +0,4.784,333
Sep 07 2021 01: +0,4.628,229
Sep 08 2021 01: +0,4.723,318
Sep 09 2021 01: +0,4.828,274
Sep 10 2021 01: +0,4.774,295
Sep 11 2021 01: +0,4.811,359
Sep 12 2021 01: +0,4.694,293
Sep 13 2021 01: +0,4.729,273
Sep 14 2021 01: +0,4.787,271
Sep 15 2021 01: +0,4.728,272
Sep 16 2021 01: +0,4.831,345
Sep 17 2021 01: +0,4.81,252
Sep 18 2021 01: +0,4.875,320
Sep 19 2021 01: +0,4.757,266
Sep 20 2021 01: +0,4.669,271
Sep 21 2021 01: +0,4.617,210
Sep 22 2021 01: +0,4.053,486
Sep 23 2021 01: +0,3.545,240
Sep 24 2021 01: +0,3.645,221
Sep 25 2021 01: +0,3.599,215
Sep 26 2021 01: +0,3.569,184
Sep 27 2021 01: +0,3.574,228
Sep 28 2021 01: +0,3.522,178
Sep 29 2021 01: +0,3.171,221
Sep 30 2021 01: +0,3.225,182
Oct 01 2021 01: +0,3.249,229
Oct 02 2021 01: +0,3.312,247
Oct 03 2021 01: +0,3.285,225
Oct 04 2021 01: +0,3.283,180
Oct 05 2021 01: +0,3.363,224
Oct 06 2021 01: +0,3.324,246
Oct 07 2021 01: +0,3.883,275
Oct 08 2021 01: +0,3.889,217
Oct 09 2021 01: +0,3.953,123
Oct 09 2021 14: +0,3.71,7
Oct 09 2021 15: +0,3.675,8
Oct 09 2021 16: +0,3.596,9
Oct 09 2021 17: +0,3.827,14
Oct 09 2021 18: +0,3.81,19
Oct 09 2021 19: +0,3.982,32
Oct 09 2021 20: +0,4.024,18
Oct 09 2021 21: +0,4.155,14
Oct 09 2021 22: +0,4.08,24
Oct 09 2021 23: +0,3.906,9
Oct 10 2021 00: +0,3.516,4
Oct 10 2021 01: +0,3.795,2
Oct 10 2021 02: +0,4.05,15
Oct 10 2021 03: +0,4.17,20
Oct 10 2021 04: +0,4.0,5
Oct 10 2021 05: +0,4.118,4
Oct 10 2021 06: +0,4.15,8
Oct 10 2021 07: +0,3.84,14
Oct 10 2021 08: +0,4.151,7
Oct 10 2021 09: +0,4.009,2
Oct 10 2021 10: +0,3.665,8
Oct 10 2021 11: +0,3.817,18
Oct 10 2021 12: +0,4.132,8
Oct 10 2021 13: +0,4.025,15
Oct 10 2021 14: +0,3.987,8
Oct 10 2021 15: +0,3.872,7
Oct 10 2021 16: +0,3.48,8
Oct 10 2021 17: +0,3.502,10
Oct 10 2021 18: +0,3.571,6
Oct 10 2021 19: +0,3.537,17
Oct 10 2021 20: +0,3.719,4
Oct 10 2021 21: +0,3.569,6
Oct 10 2021 22: +0,3.526,6
Oct 10 2021 23: +0,3.502,3
Oct 11 2021 00: +0,3.59,3
Oct 11 2021 01: +0,3.502,5
Oct 11 2021 02: +0,3.502,3
Oct 11 2021 03: +0,3.56,3
Oct 11 2021 04: +0,3.446,4
Oct 11 2021 05: +0,3.574,10
Oct 11 2021 06: +0,3.62,1
Oct 11 2021 07: +0,3.745,6
Oct 11 2021 08: +0,3.51,6
Oct 11 2021 09: +0,3.759,4
Oct 11 2021 10: +0,3.765,8
Oct 11 2021 11: +0,3.791,13
Oct 11 2021 12: +0,3.745,11
Oct 11 2021 13: +0,3.766,3
Oct 11 2021 14: +0,3.562,6
Oct 11 2021 15: +0,3.577,14
Oct 11 2021 16: +0,3.768,13
Oct 11 2021 17: +0,3.5,17
Oct 11 2021 18: +0,3.5,5
Oct 11 2021 19: +0,3.681,10
Oct 11 2021 20: +0,3.67,14
Oct 11 2021 21: +0,3.687,17
Oct 11 2021 22: +0,3.31,4
Oct 11 2021 23: +0,3.18,3
Oct 12 2021 00: +0,3.47,14
Oct 12 2021 01: +0,3.72,6
Oct 12 2021 02: +0,3.661,6
Oct 12 2021 03: +0,3.59,3
Oct 12 2021 04: +0,3.724,1
Oct 12 2021 06: +0,3.71,14
Oct 12 2021 07: +0,3.717,5
Oct 12 2021 08: +0,3.722,1
Oct 12 2021 09: +0,3.356,1
Oct 12 2021 10: +0,3.572,4
Oct 12 2021 11: +0,3.479,9
Oct 12 2021 12: +0,3.44,12
Oct 12 2021 13: +0,3.614,5
Oct 12 2021 14: +0,3.33,11
Oct 12 2021 15: +0,3.456,12
Oct 12 2021 16: +0,3.456,14
Oct 12 2021 17: +0,3.356,7
Oct 12 2021 18: +0,3.409,17
Oct 12 2021 19: +0,3.37,39
Oct 12 2021 20: +0,3.456,14
Oct 12 2021 21: +0,3.415,10
Oct 12 2021 22: +0,3.429,12
Oct 12 2021 23: +0,3.471,10
Oct 13 2021 00: +0,3.508,9
Oct 13 2021 01: +0,3.658,20
Oct 13 2021 02: +0,3.71,6
Oct 13 2021 03: +0,3.71,11
Oct 13 2021 04: +0,3.71,3
Oct 13 2021 05: +0,3.71,2
Oct 13 2021 06: +0,3.55,2
Oct 13 2021 07: +0,3.3,5
Oct 13 2021 08: +0,3.464,3
Oct 13 2021 09: +0,3.702,35
Oct 13 2021 10: +0,3.42,19
Oct 13 2021 11: +0,3.474,5
Oct 13 2021 12: +0,3.783,16
Oct 13 2021 13: +0,3.827,17
Oct 13 2021 14: +0,3.665,11
Oct 13 2021 15: +0,3.42,9
Oct 13 2021 16: +0,3.42,10
Oct 13 2021 17: +0,3.521,8
Oct 13 2021 18: +0,3.56,22
Oct 13 2021 19: +0,3.431,12
Oct 13 2021 20: +0,3.744,34
Oct 13 2021 21: +0,3.572,14
Oct 13 2021 22: +0,3.851,8
Oct 13 2021 23: +0,3.862,10
Oct 14 2021 00: +0,3.87,11
Oct 14 2021 01: +0,3.98,27
Oct 14 2021 02: +0,4.071,22
Oct 14 2021 03: +0,4.15,11
Oct 14 2021 04: +0,3.943,2
Oct 14 2021 05: +0,4.14,19
Oct 14 2021 06: +0,3.69,15
Oct 14 2021 07: +0,3.98,9
Oct 14 2021 08: +0,3.45,1
Oct 14 2021 09: +0,3.808,4
Oct 14 2021 10: +0,3.42,7
Oct 14 2021 11: +0,3.4,7
Oct 14 2021 12: +0,3.194,24
Oct 14 2021 13: +0,3.498,10
Oct 14 2021 14: +0,3.492,6
Oct 14 2021 15: +0,3.508,12
Oct 14 2021 16: +0,3.607,13
Oct 14 2021 17: +0,3.485,18
Oct 14 2021 18: +0,3.543,16
Oct 14 2021 19: +0,3.803,13
Oct 14 2021 20: +0,3.375,7
Oct 14 2021 21: +0,3.23,27
Oct 14 2021 22: +0,3.395,10
Oct 14 2021 23: +0,3.64,20
Oct 15 2021 00: +0,3.79,1
Oct 15 2021 01: +0,3.713,3
Oct 15 2021 02: +0,3.33,3
Oct 15 2021 03: +0,4.1,23
Oct 15 2021 04: +0,4.11,7
Oct 15 2021 05: +0,3.504,6
Oct 15 2021 06: +0,4.009,6
Oct 15 2021 09: +0,3.999,13
Oct 15 2021 10: +0,3.785,2
Oct 15 2021 11: +0,3.73,16
Oct 15 2021 12: +0,3.65,6
Oct 15 2021 13: +0,3.668,4
Oct 15 2021 14: +0,3.767,9
Oct 15 2021 15: +0,4.062,14
Oct 15 2021 16: +0,3.69,11
Oct 15 2021 17: +0,3.731,7
Oct 15 2021 18: +0,3.998,16
Oct 15 2021 19: +0,3.894,11
Oct 15 2021 20: +0,3.835,9
Oct 15 2021 21: +0,3.7,5
Oct 15 2021 22: +0,3.79,9
Oct 15 2021 23: +0,4.001,20
Oct 16 2021 00: +0,4.108,7
Oct 16 2021 01: +0,4.11,9
Oct 16 2021 02: +0,4.11,12
Oct 16 2021 03: +0,4.14,16
Oct 16 2021 04: +0,4.07,6
Oct 16 2021 05: +0,3.99,7
Oct 16 2021 06: +0,4.05,12
Oct 16 2021 07: +0,3.862,3
Oct 16 2021 08: +0,3.73,3
Oct 16 2021 09: +0,3.855,3
Oct 16 2021 10: +0,3.79,3
Oct 16 2021 11: +0,3.871,6
Oct 16 2021 12: +0,3.7,9
Oct 16 2021 13: +0,3.917,7
Oct 16 2021 14: +0,3.65,10
Oct 16 2021 15: +0,3.625,8
Oct 16 2021 16: +0,3.897,9
Oct 16 2021 17: +0,3.746,17
Oct 16 2021 18: +0,3.862,14
Oct 16 2021 19: +0,3.764,10
Oct 16 2021 20: +0,3.909,19
Oct 16 2021 21: +0,3.92,24
Oct 16 2021 22: +0,3.949,35
Oct 16 2021 23: +0,4.03,9
Oct 17 2021 00: +0,3.781,14
Oct 17 2021 01: +0,3.473,23
Oct 17 2021 02: +0,3.79,9
Oct 17 2021 03: +0,3.79,16
Oct 17 2021 04: +0,3.79,21
Oct 17 2021 05: +0,3.788,5
Oct 17 2021 06: +0,3.79,8
Oct 17 2021 07: +0,3.781,13
Oct 17 2021 08: +0,3.786,4
Oct 17 2021 09: +0,3.63,5
Oct 17 2021 10: +0,3.69,7
Oct 17 2021 11: +0,3.642,16
Oct 17 2021 12: +0,3.558,6
Oct 17 2021 13: +0,3.62,11
Oct 17 2021 14: +0,3.51,7
Oct 17 2021 15: +0,3.934,20
Oct 17 2021 16: +0,3.96,10
Oct 17 2021 17: +0,3.99,16
Oct 17 2021 18: +0,3.578,14
Oct 17 2021 19: +0,3.859,18
Oct 17 2021 20: +0,3.54,11
Oct 17 2021 21: +0,3.612,8
Oct 17 2021 22: +0,4.031,17
Oct 17 2021 23: +0,3.81,9
Oct 18 2021 00: +0,3.56,7
Oct 18 2021 01: +0,3.915,6
Oct 18 2021 02: +0,4.065,8
Oct 18 2021 03: +0,4.09,7
Oct 18 2021 04: +0,4.092,2
Oct 18 2021 05: +0,4.022,2
Oct 18 2021 06: +0,3.84,4
Oct 18 2021 07: +0,3.632,1
Oct 18 2021 08: +0,4.0,3
Oct 18 2021 09: +0,3.662,2
Oct 18 2021 10: +0,3.619,5
Oct 18 2021 11: +0,2.838,1
Oct 18 2021 12: +0,3.541,8
Oct 18 2021 13: +0,3.541,7
Oct 18 2021 14: +0,3.578,2
Oct 18 2021 15: +0,3.672,28
