Steam_scrapper/Database_of_items_price/Winter Offensive Weapon Case.csv
Date,Price,Quantity Sold
Oct 18 2021 16: +0,3.61,12
Oct 18 2021 17: +0,3.522,6
Oct 18 2021 18: +0,3.474,12
Oct 18 2021 19: +0,3.308,6
Oct 18 2021 20: +0,3.294,8
Oct 18 2021 21: +0,3.53,19
Oct 18 2021 22: +0,3.415,8
Oct 18 2021 23: +0,3.802,20
Oct 19 2021 00: +0,3.91,9
Oct 19 2021 01: +0,3.345,4
Oct 19 2021 02: +0,3.6,5
Oct 19 2021 03: +0,3.53,1
Oct 19 2021 04: +0,3.545,2
Oct 19 2021 05: +0,3.925,6
Oct 19 2021 07: +0,3.14,1
Oct 19 2021 08: +0,3.414,4
Oct 19 2021 09: +0,3.36,3
Oct 19 2021 10: +0,3.578,7
Oct 19 2021 11: +0,3.664,6
Oct 19 2021 12: +0,3.24,3
Oct 19 2021 13: +0,3.785,10
Oct 19 2021 14: +0,3.841,14
Oct 19 2021 15: +0,3.37,6
Oct 19 2021 16: +0,3.371,9
Oct 19 2021 17: +0,3.404,19
Oct 19 2021 18: +0,3.375,17
Oct 19 2021 19: +0,3.995,56
Oct 19 2021 20: +0,4.059,25
Oct 19 2021 21: +0,4.104,20
Oct 19 2021 22: +0,4.014,7
Oct 19 2021 23: +0,3.688,4
Oct 20 2021 00: +0,4.09,9
Oct 20 2021 01: +0,4.086,11
Oct 20 2021 02: +0,4.063,11
Oct 20 2021 03: +0,4.01,6
Oct 20 2021 04: +0,3.735,2
Oct 20 2021 05: +0,4.002,2
Oct 20 2021 06: +0,4.008,9
Oct 20 2021 07: +0,4.07,5
Oct 20 2021 08: +0,4.086,8
Oct 20 2021 09: +0,3.427,12
Oct 20 2021 10: +0,3.33,7
Oct 20 2021 11: +0,3.492,10
Oct 20 2021 12: +0,3.42,5
Oct 20 2021 13: +0,3.27,3
Oct 20 2021 14: +0,3.28,3
Oct 20 2021 15: +0,3.3,5
Oct 20 2021 16: +0,3.376,19
Oct 20 2021 17: +0,3.29,10
Oct 20 2021 18: +0,3.594,15
Oct 20 2021 19: +0,3.947,22
Oct 20 2021 20: +0,3.45,14
Oct 20 2021 21: +0,3.944,10
Oct 20 2021 22: +0,3.926,13
Oct 20 2021 23: +0,3.973,11
Oct 21 2021 00: +0,3.96,5
Oct 21 2021 01: +0,3.967,22
Oct 21 2021 02: +0,3.925,2
Oct 21 2021 03: +0,3.675,4
Oct 21 2021 04: +0,3.68,4
Oct 21 2021 05: +0,3.92,7
Oct 21 2021 06: +0,3.92,4
Oct 21 2021 07: +0,3.87,3
Oct 21 2021 08: +0,3.41,3
Oct 21 2021 09: +0,3.54,5
Oct 21 2021 10: +0,3.45,9
Oct 21 2021 11: +0,3.848,15
Oct 21 2021 12: +0,3.507,3
Oct 21 2021 13: +0,3.34,2
Oct 21 2021 14: +0,3.374,1
Oct 21 2021 15: +0,3.432,19
Oct 21 2021 16: +0,3.499,14
Oct 21 2021 17: +0,3.687,19
Oct 21 2021 18: +0,3.76,9
Oct 21 2021 19: +0,3.776,14
Oct 21 2021 20: +0,3.28,4
Oct 21 2021 21: +0,3.624,26
Oct 21 2021 22: +0,3.794,2
Oct 21 2021 23: +0,3.662,10
Oct 22 2021 00: +0,3.821,1
Oct 22 2021 01: +0,3.41,11
Oct 22 2021 02: +0,3.499,6
Oct 22 2021 03: +0,3.28,1
Oct 22 2021 04: +0,3.515,13
Oct 22 2021 05: +0,3.44,18
Oct 22 2021 06: +0,3.22,2
Oct 22 2021 07: +0,3.35,8
Oct 22 2021 08: +0,3.25,7
Oct 22 2021 09: +0,3.297,8
Oct 22 2021 10: +0,3.37,13
Oct 22 2021 11: +0,3.205,3
Oct 22 2021 12: +0,3.231,14
Oct 22 2021 13: +0,3.14,3
Oct 22 2021 14: +0,3.026,9
Oct 22 2021 15: +0,3.021,20
Oct 22 2021 16: +0,3.071,6
Oct 22 2021 17: +0,3.15,15
Oct 22 2021 18: +0,3.212,17
Oct 22 2021 19: +0,3.259,33
Oct 22 2021 20: +0,3.317,20
Oct 22 2021 21: +0,3.492,17
Oct 22 2021 22: +0,3.225,12
Oct 22 2021 23: +0,3.399,9
Oct 23 2021 00: +0,3.259,7
Oct 23 2021 01: +0,3.499,2
Oct 23 2021 02: +0,3.35,6
Oct 23 2021 03: +0,3.236,11
Oct 23 2021 04: +0,3.36,12
Oct 23 2021 05: +0,3.494,10
Oct 23 2021 06: +0,3.49,8
Oct 23 2021 07: +0,3.54,11
Oct 23 2021 08: +0,3.56,9
Oct 23 2021 09: +0,3.565,3
Oct 23 2021 10: +0,3.166,3
Oct 23 2021 11: +0,3.187,6
Oct 23 2021 12: +0,3.398,16
Oct 23 2021 13: +0,3.493,26
Oct 23 2021 14: +0,3.571,14
Oct 23 2021 15: +0,3.182,14
Oct 23 2021 16: +0,3.317,12
Oct 23 2021 17: +0,3.345,12
Oct 23 2021 18: +0,3.608,23
Oct 23 2021 19: +0,3.678,25
Oct 23 2021 20: +0,3.254,16
Oct 23 2021 21: +0,3.75,25
Oct 23 2021 22: +0,3.08,15
Oct 23 2021 23: +0,3.637,8
Oct 24 2021 00: +0,3.666,7
Oct 24 2021 01: +0,3.715,6
Oct 24 2021 02: +0,3.511,7
Oct 24 2021 03: +0,3.48,5
Oct 24 2021 04: +0,3.785,14
Oct 24 2021 05: +0,3.775,12
Oct 24 2021 06: +0,3.71,3
Oct 24 2021 07: +0,2.993,3
Oct 24 2021 08: +0,3.74,23
Oct 24 2021 09: +0,3.686,9
Oct 24 2021 10: +0,3.077,11
Oct 24 2021 11: +0,3.422,9
Oct 24 2021 12: +0,3.376,7
Oct 24 2021 13: +0,3.597,35
Oct 24 2021 14: +0,3.656,13
Oct 24 2021 15: +0,3.652,5
Oct 24 2021 16: +0,3.317,23
Oct 24 2021 17: +0,3.26,8
Oct 24 2021 18: +0,3.177,11
Oct 24 2021 19: +0,3.247,9
Oct 24 2021 20: +0,3.261,13
Oct 24 2021 21: +0,3.259,9
Oct 24 2021 22: +0,3.074,6
Oct 24 2021 23: +0,3.224,9
Oct 25 2021 00: +0,2.765,2
Oct 25 2021 01: +0,3.23,4
Oct 25 2021 02: +0,3.224,11
Oct 25 2021 03: +0,3.48,5
Oct 25 2021 04: +0,3.48,4
Oct 25 2021 05: +0,3.409,10
Oct 25 2021 06: +0,3.47,1
Oct 25 2021 07: +0,3.393,3
Oct 25 2021 08: +0,3.446,14
Oct 25 2021 09: +0,3.442,4
Oct 25 2021 10: +0,3.317,7
Oct 25 2021 11: +0,3.445,13
Oct 25 2021 12: +0,2.978,5
Oct 25 2021 13: +0,3.084,9
Oct 25 2021 14: +0,3.001,7
Oct 25 2021 15: +0,3.119,10
Oct 25 2021 16: +0,3.098,8
Oct 25 2021 17: +0,3.119,7
Oct 25 2021 18: +0,3.261,9
Oct 25 2021 19: +0,3.192,20
Oct 25 2021 20: +0,3.259,10
Oct 25 2021 21: +0,3.191,4
Oct 25 2021 22: +0,3.24,21
Oct 25 2021 23: +0,3.224,2
Oct 26 2021 00: +0,3.39,7
Oct 26 2021 01: +0,3.395,14
Oct 26 2021 02: +0,3.032,1
Oct 26 2021 03: +0,3.283,3
Oct 26 2021 04: +0,3.119,8
Oct 26 2021 05: +0,3.376,5
Oct 26 2021 06: +0,3.121,7
Oct 26 2021 07: +0,3.315,4
Oct 26 2021 08: +0,3.156,3
Oct 26 2021 09: +0,3.04,10
Oct 26 2021 10: +0,3.254,6
Oct 26 2021 11: +0,3.26,16
Oct 26 2021 12: +0,3.031,10
Oct 26 2021 13: +0,3.251,4
Oct 26 2021 14: +0,3.283,24
Oct 26 2021 15: +0,3.031,5
Oct 26 2021 16: +0,3.228,6
Oct 26 2021 17: +0,3.231,12
Oct 26 2021 18: +0,3.132,17
Oct 26 2021 19: +0,3.248,19
Oct 26 2021 20: +0,3.306,18
Oct 26 2021 21: +0,2.985,8
Oct 26 2021 22: +0,3.037,5
Oct 26 2021 23: +0,3.31,9
Oct 27 2021 00: +0,3.03,8
Oct 27 2021 01: +0,3.19,3
Oct 27 2021 02: +0,3.29,6
Oct 27 2021 03: +0,3.338,26
Oct 27 2021 04: +0,2.982,5
Oct 27 2021 05: +0,2.985,6
Oct 27 2021 06: +0,2.95,2
Oct 27 2021 07: +0,3.166,5
Oct 27 2021 08: +0,3.01,2
Oct 27 2021 09: +0,3.1,7
Oct 27 2021 10: +0,3.156,5
Oct 27 2021 11: +0,3.169,13
Oct 27 2021 12: +0,2.935,3
Oct 27 2021 13: +0,3.135,19
Oct 27 2021 14: +0,3.271,16
Oct 27 2021 15: +0,3.335,13
Oct 27 2021 16: +0,2.96,12
Oct 27 2021 17: +0,2.95,8
Oct 27 2021 18: +0,2.95,4
Oct 27 2021 19: +0,3.109,39
Oct 27 2021 20: +0,3.254,12
Oct 27 2021 21: +0,3.008,4
Oct 27 2021 22: +0,3.087,6
Oct 27 2021 23: +0,3.04,3
Oct 28 2021 00: +0,2.96,18
Oct 28 2021 01: +0,3.074,19
Oct 28 2021 02: +0,3.29,5
Oct 28 2021 03: +0,3.324,2
Oct 28 2021 04: +0,3.33,8
Oct 28 2021 05: +0,3.324,9
Oct 28 2021 06: +0,3.329,10
Oct 28 2021 07: +0,3.329,13
Oct 28 2021 08: +0,3.06,1
Oct 28 2021 09: +0,2.134,2
Oct 28 2021 10: +0,3.06,1
Oct 28 2021 11: +0,2.958,10
Oct 28 2021 12: +0,3.131,5
Oct 28 2021 13: +0,2.968,6
Oct 28 2021 14: +0,2.981,3
Oct 28 2021 15: +0,2.871,7
Oct 28 2021 16: +0,3.016,19
Oct 28 2021 17: +0,3.027,9
Oct 28 2021 18: +0,3.271,19
Oct 28 2021 19: +0,3.26,21
Oct 28 2021 20: +0,3.335,32
Oct 28 2021 21: +0,3.274,10
Oct 28 2021 22: +0,3.254,19
Oct 28 2021 23: +0,3.303,2
Oct 29 2021 00: +0,3.264,12
Oct 29 2021 01: +0,3.31,9
Oct 29 2021 02: +0,2.99,3
Oct 29 2021 03: +0,3.31,12
Oct 29 2021 04: +0,3.2,7
Oct 29 2021 05: +0,3.327,16
Oct 29 2021 06: +0,3.328,5
Oct 29 2021 07: +0,2.845,8
Oct 29 2021 08: +0,2.934,4
Oct 29 2021 09: +0,3.036,7
Oct 29 2021 10: +0,3.328,9
Oct 29 2021 11: +0,3.324,8
Oct 29 2021 12: +0,2.957,11
Oct 29 2021 13: +0,3.309,22
Oct 29 2021 14: +0,3.314,14
Oct 29 2021 15: +0,3.195,6
Oct 29 2021 16: +0,3.322,24
Oct 29 2021 17: +0,3.326,34
Oct 29 2021 18: +0,3.256,20
Oct 29 2021 19: +0,3.335,35
Oct 29 2021 20: +0,3.283,16
Oct 29 2021 21: +0,3.302,16
Oct 29 2021 22: +0,2.96,14
Oct 29 2021 23: +0,3.296,16
Oct 30 2021 00: +0,3.315,14
Oct 30 2021 01: +0,3.217,8
Oct 30 2021 02: +0,3.337,19
Oct 30 2021 03: +0,3.389,18
Oct 30 2021 04: +0,3.39,5
Oct 30 2021 05: +0,2.27,1
Oct 30 2021 06: +0,3.39,10
Oct 30 2021 07: +0,3.385,10
Oct 30 2021 08: +0,3.39,22
Oct 30 2021 09: +0,3.417,14
Oct 30 2021 10: +0,3.018,7
Oct 30 2021 11: +0,2.994,6
Oct 30 2021 12: +0,3.005,12
Oct 30 2021 13: +0,3.122,20
Oct 30 2021 14: +0,3.238,18
Oct 30 2021 15: +0,3.261,27
Oct 30 2021 16: +0,3.0,13
Oct 30 2021 17: +0,3.156,10
Oct 30 2021 18: +0,3.04,10
Oct 30 2021 19: +0,3.05,9
Oct 30 2021 20: +0,3.212,25
Oct 30 2021 21: +0,3.248,20
Oct 30 2021 22: +0,3.261,32
Oct 30 2021 23: +0,3.232,7
Oct 31 2021 00: +0,3.267,15
Oct 31 2021 01: +0,3.267,11
Oct 31 2021 02: +0,3.267,28
Oct 31 2021 03: +0,3.267,11
Oct 31 2021 04: +0,3.025,2
Oct 31 2021 05: +0,3.372,18
Oct 31 2021 06: +0,3.48,41
Oct 31 2021 07: +0,3.476,6
Oct 31 2021 08: +0,3.53,18
Oct 31 2021 09: +0,3.33,7
Oct 31 2021 10: +0,3.407,22
Oct 31 2021 11: +0,3.145,4
Oct 31 2021 12: +0,3.131,6
Oct 31 2021 13: +0,3.146,6
Oct 31 2021 14: +0,3.208,13
Oct 31 2021 15: +0,3.222,11
Oct 31 2021 16: +0,3.205,16
Oct 31 2021 17: +0,3.267,31
Oct 31 2021 18: +0,3.476,13
Oct 31 2021 19: +0,3.325,8
Oct 31 2021 20: +0,3.27,10
Oct 31 2021 21: +0,3.424,30
Oct 31 2021 22: +0,3.581,32
Oct 31 2021 23: +0,3.616,33
Nov 01 2021 00: +0,3.261,8
Nov 01 2021 01: +0,3.676,15
Nov 01 2021 02: +0,3.35,8
Nov 01 2021 03: +0,3.709,17
Nov 01 2021 04: +0,3.74,12
Nov 01 2021 05: +0,3.634,2
Nov 01 2021 06: +0,3.71,12
Nov 01 2021 07: +0,3.74,7
Nov 01 2021 08: +0,3.729,9
Nov 01 2021 09: +0,3.14,4
Nov 01 2021 10: +0,3.502,22
Nov 01 2021 11: +0,3.476,5
Nov 01 2021 12: +0,3.114,4
Nov 01 2021 13: +0,3.23,16
Nov 01 2021 14: +0,3.587,8
Nov 01 2021 15: +0,3.095,4
Nov 01 2021 16: +0,3.05,9
Nov 01 2021 17: +0,3.06,5
Nov 01 2021 18: +0,3.337,21
Nov 01 2021 19: +0,3.314,15
Nov 01 2021 20: +0,3.133,4
Nov 01 2021 21: +0,3.263,10
Nov 01 2021 22: +0,3.257,20
Nov 01 2021 23: +0,3.47,28
Nov 02 2021 00: +0,3.6,13
Nov 02 2021 01: +0,3.645,11
Nov 02 2021 02: +0,3.69,30
Nov 02 2021 03: +0,3.76,18
Nov 02 2021 04: +0,3.705,12
Nov 02 2021 05: +0,3.07,7
Nov 02 2021 06: +0,3.05,5
Nov 02 2021 07: +0,3.07,3
Nov 02 2021 08: +0,3.501,3
Nov 02 2021 09: +0,3.185,2
Nov 02 2021 10: +0,3.23,3
Nov 02 2021 11: +0,3.443,10
Nov 02 2021 12: +0,3.15,6
Nov 02 2021 13: +0,3.404,8
Nov 02 2021 14: +0,3.085,4
Nov 02 2021 15: +0,3.251,7
Nov 02 2021 16: +0,3.137,8
Nov 02 2021 17: +0,3.307,27
Nov 02 2021 18: +0,3.35,14
Nov 02 2021 19: +0,3.35,15
Nov 02 2021 20: +0,3.529,17
Nov 02 2021 21: +0,3.536,9
Nov 02 2021 22: +0,3.652,39
Nov 02 2021 23: +0,3.75,8
Nov 03 2021 00: +0,3.759,4
Nov 03 2021 01: +0,3.79,45
Nov 03 2021 02: +0,3.88,13
Nov 03 2021 03: +0,3.91,16
Nov 03 2021 04: +0,3.91,9
Nov 03 2021 05: +0,3.435,2
Nov 03 2021 06: +0,3.25,1
Nov 03 2021 07: +0,3.082,2
Nov 03 2021 08: +0,3.01,2
Nov 03 2021 09: +0,3.353,15
Nov 03 2021 10: +0,3.9,12
Nov 03 2021 11: +0,3.31,1
Nov 03 2021 12: +0,3.373,9
Nov 03 2021 13: +0,3.22,6
Nov 03 2021 14: +0,3.105,13
Nov 03 2021 15: +0,3.22,19
Nov 03 2021 16: +0,3.218,18
Nov 03 2021 17: +0,3.632,14
Nov 03 2021 18: +0,3.679,14
Nov 03 2021 19: +0,3.07,17
Nov 03 2021 20: +0,3.756,29
Nov 03 2021 21: +0,3.366,5
Nov 03 2021 22: +0,3.478,25
Nov 03 2021 23: +0,3.87,13
Nov 04 2021 00: +0,3.87,11
Nov 04 2021 01: +0,3.31,1
Nov 04 2021 02: +0,3.875,9
Nov 04 2021 03: +0,3.78,2
Nov 04 2021 04: +0,3.86,14
Nov 04 2021 05: +0,3.884,2
Nov 04 2021 06: +0,3.206,2
Nov 04 2021 08: +0,3.365,6
Nov 04 2021 09: +0,3.73,3
Nov 04 2021 10: +0,3.493,2
Nov 04 2021 11: +0,3.505,9
Nov 04 2021 12: +0,3.778,11
Nov 04 2021 13: +0,3.602,4
Nov 04 2021 14: +0,3.285,6
Nov 04 2021 15: +0,3.468,17
Nov 04 2021 16: +0,3.619,6
Nov 04 2021 17: +0,3.737,16
Nov 04 2021 18: +0,3.759,15
Nov 04 2021 19: +0,3.864,26
Nov 04 2021 20: +0,3.654,17
Nov 04 2021 21: +0,3.812,4
Nov 04 2021 22: +0,1.065,11
Nov 04 2021 23: +0,3.812,10
Nov 05 2021 00: +0,3.814,7
Nov 05 2021 01: +0,3.853,9
Nov 05 2021 02: +0,3.22,1
Nov 05 2021 03: +0,3.627,2
Nov 05 2021 04: +0,3.672,8
Nov 05 2021 05: +0,3.823,10
Nov 05 2021 06: +0,3.87,12
Nov 05 2021 07: +0,3.88,3
Nov 05 2021 08: +0,3.88,30
Nov 05 2021 09: +0,2.398,2
Nov 05 2021 10: +0,3.881,11
Nov 05 2021 11: +0,3.71,6
Nov 05 2021 12: +0,3.778,10
Nov 05 2021 13: +0,3.904,14
Nov 05 2021 14: +0,3.761,10
Nov 05 2021 15: +0,3.45,3
Nov 05 2021 16: +0,3.604,6
Nov 05 2021 17: +0,3.47,9
Nov 05 2021 18: +0,3.494,16
Nov 05 2021 19: +0,3.541,18
Nov 05 2021 20: +0,3.679,14
Nov 05 2021 21: +0,3.42,17
Nov 05 2021 22: +0,3.782,16
Nov 05 2021 23: +0,3.06,3
Nov 06 2021 00: +0,3.77,14
Nov 06 2021 01: +0,3.62,7
Nov 06 2021 02: +0,3.686,10
Nov 06 2021 03: +0,3.782,19
Nov 06 2021 04: +0,3.79,10
Nov 06 2021 05: +0,2.32,7
Nov 06 2021 06: +0,3.782,8
Nov 06 2021 07: +0,3.784,7
Nov 06 2021 08: +0,3.843,19
Nov 06 2021 09: +0,3.93,14
Nov 06 2021 10: +0,3.738,6
Nov 06 2021 11: +0,3.816,6
Nov 06 2021 12: +0,3.828,6
Nov 06 2021 13: +0,3.826,10
Nov 06 2021 14: +0,3.695,10
Nov 06 2021 15: +0,3.703,10
Nov 06 2021 16: +0,3.695,9
Nov 06 2021 17: +0,3.695,15
Nov 06 2021 18: +0,3.695,20
Nov 06 2021 19: +0,3.695,17
Nov 06 2021 20: +0,3.695,10
Nov 06 2021 21: +0,3.49,24
Nov 06 2021 22: +0,3.711,8
Nov 06 2021 23: +0,3.771,16
Nov 07 2021 00: +0,3.8,17
Nov 07 2021 01: +0,3.568,13
Nov 07 2021 02: +0,3.65,12
Nov 07 2021 03: +0,3.468,8
Nov 07 2021 04: +0,3.466,7
Nov 07 2021 05: +0,3.28,5
Nov 07 2021 06: +0,3.474,2
Nov 07 2021 07: +0,3.4,5
Nov 07 2021 08: +0,3.15,3
Nov 07 2021 09: +0,3.39,6
Nov 07 2021 10: +0,3.381,4
Nov 07 2021 11: +0,3.305,6
Nov 07 2021 12: +0,3.295,8
Nov 07 2021 13: +0,3.33,20
Nov 07 2021 14: +0,3.378,18
Nov 07 2021 15: +0,3.251,13
Nov 07 2021 16: +0,3.493,24
Nov 07 2021 17: +0,3.505,19
Nov 07 2021 18: +0,3.482,12
Nov 07 2021 19: +0,3.574,29
Nov 07 2021 20: +0,3.263,19
Nov 07 2021 21: +0,3.149,14
Nov 07 2021 22: +0,3.228,7
Nov 07 2021 23: +0,3.182,21
Nov 08 2021 00: +0,3.339,13
Nov 08 2021 01: +0,3.55,14
Nov 08 2021 02: +0,3.159,6
Nov 08 2021 03: +0,3.61,18
Nov 08 2021 04: +0,3.09,4
Nov 08 2021 05: +0,3.8,29
Nov 08 2021 06: +0,3.745,4
Nov 08 2021 07: +0,3.714,2
Nov 08 2021 08: +0,3.345,2
Nov 08 2021 09: +0,3.621,19
Nov 08 2021 10: +0,3.08,11
Nov 08 2021 11: +0,3.71,14
Nov 08 2021 12: +0,3.669,2
Nov 08 2021 13: +0,3.067,12
Nov 08 2021 14: +0,3.061,6
Nov 08 2021 15: +0,2.929,16
Nov 08 2021 16: +0,2.986,9
Nov 08 2021 17: +0,3.08,11
Nov 08 2021 18: +0,2.849,19
Nov 08 2021 19: +0,2.848,18
Nov 08 2021 20: +0,2.917,11
Nov 08 2021 21: +0,3.194,36
Nov 08 2021 22: +0,3.002,6
Nov 08 2021 23: +0,3.19,5
Nov 09 2021 00: +0,3.216,5
Nov 09 2021 01: +0,3.057,6
Nov 09 2021 02: +0,2.874,4
Nov 09 2021 03: +0,3.082,12
Nov 09 2021 04: +0,3.004,2
Nov 09 2021 05: +0,3.195,7
Nov 09 2021 06: +0,2.925,2
Nov 09 2021 07: +0,2.874,2
Nov 09 2021 08: +0,2.9,3
Nov 09 2021 09: +0,2.858,6
Nov 09 2021 10: +0,2.835,6
Nov 09 2021 11: +0,2.892,4
Nov 09 2021 12: +0,2.909,5
